This file contains any messages produced by compilers while
running configure, to aid debugging if configure makes a mistake.

It was created by xfce4-panel configure 4.18.4, which was
generated by GNU Autoconf 2.71.  Invocation command line was

  $ ./configure --enable-maintainer-mode --prefix=/usr/local

## --------- ##
## Platform. ##
## --------- ##

hostname = juliano-IdeaPad-3-15ALC6
uname -m = x86_64
uname -r = 7.0.0-31-generic
uname -s = Linux
uname -v = #31~24.04.1-Ubuntu SMP PREEMPT_DYNAMIC Mon Aug 10 09:38:02 UTC 2

/usr/bin/uname -p = x86_64
/bin/uname -X     = unknown

/bin/arch              = x86_64
/usr/bin/arch -k       = unknown
/usr/convex/getsysinfo = unknown
/usr/bin/hostinfo      = unknown
/bin/machine           = unknown
/usr/bin/oslevel       = unknown
/bin/universe          = unknown

PATH: /home/juliano/.local/bin/
PATH: /home/juliano/.local/bin/
PATH: /usr/local/sbin/
PATH: /usr/local/bin/
PATH: /usr/sbin/
PATH: /usr/bin/
PATH: /sbin/
PATH: /bin/
PATH: /usr/games/
PATH: /usr/local/games/
PATH: /snap/bin/


## ----------- ##
## Core tests. ##
## ----------- ##

configure:2649: looking for aux files: ltmain.sh config.guess config.sub compile missing install-sh
configure:2662:  trying ./
configure:2691:   ./ltmain.sh found
configure:2691:   ./config.guess found
configure:2691:   ./config.sub found
configure:2691:   ./compile found
configure:2691:   ./missing found
configure:2673:   ./install-sh found
configure:2825: checking for a BSD-compatible install
configure:2898: result: /usr/bin/install -c
configure:2909: checking whether build environment is sane
configure:2964: result: yes
configure:3123: checking for a race-free mkdir -p
configure:3167: result: /usr/bin/mkdir -p
configure:3174: checking for gawk
configure:3209: result: no
configure:3174: checking for mawk
configure:3195: found /usr/bin/mawk
configure:3206: result: mawk
configure:3217: checking whether gmake sets $(MAKE)
configure:3240: result: yes
configure:3270: checking whether gmake supports nested variables
configure:3288: result: yes
configure:3373: checking whether UID '1000' is supported by ustar format
configure:3376: result: yes
configure:3383: checking whether GID '1000' is supported by ustar format
configure:3386: result: yes
configure:3394: checking how to create a ustar tar archive
configure:3405: tar --version
tar (GNU tar) 1.35
Copyright (C) 2023 Free Software Foundation, Inc.
License GPLv3+: GNU GPL version 3 or later <https://gnu.org/licenses/gpl.html>.
This is free software: you are free to change and redistribute it.
There is NO WARRANTY, to the extent permitted by law.

Written by John Gilmore and Jay Fenlason.
configure:3408: $? = 0
configure:3448: tardir=conftest.dir && eval tar --format=ustar -chf - "$tardir" >conftest.tar
configure:3451: $? = 0
configure:3455: tar -xf - <conftest.tar
configure:3458: $? = 0
configure:3460: cat conftest.dir/file
GrepMe
configure:3463: $? = 0
configure:3477: result: gnutar
configure:3542: checking whether to enable maintainer-specific portions of Makefiles
configure:3552: result: yes
configure:3578: checking whether gmake supports nested variables
configure:3596: result: yes
configure:3632: checking whether gmake supports the include directive
configure:3647: gmake -f confmf.GNU && cat confinc.out
this is the am__doit target
configure:3650: $? = 0
configure:3669: result: yes (GNU style)
configure:3745: checking for gcc
configure:3766: found /usr/bin/gcc
configure:3777: result: gcc
configure:4130: checking for C compiler version
configure:4139: gcc --version >&5
gcc (Ubuntu 13.3.0-6ubuntu2~24.04.1) 13.3.0
Copyright (C) 2023 Free Software Foundation, Inc.
This is free software; see the source for copying conditions.  There is NO
warranty; not even for MERCHANTABILITY or FITNESS FOR A PARTICULAR PURPOSE.

configure:4150: $? = 0
configure:4139: gcc -v >&5
Using built-in specs.
COLLECT_GCC=gcc
COLLECT_LTO_WRAPPER=/usr/libexec/gcc/x86_64-linux-gnu/13/lto-wrapper
OFFLOAD_TARGET_NAMES=nvptx-none:amdgcn-amdhsa
OFFLOAD_TARGET_DEFAULT=1
Target: x86_64-linux-gnu
Configured with: ../src/configure -v --with-pkgversion='Ubuntu 13.3.0-6ubuntu2~24.04.1' --with-bugurl=file:///usr/share/doc/gcc-13/README.Bugs --enable-languages=c,ada,c++,go,d,fortran,objc,obj-c++,m2 --prefix=/usr --with-gcc-major-version-only --program-suffix=-13 --program-prefix=x86_64-linux-gnu- --enable-shared --enable-linker-build-id --libexecdir=/usr/libexec --without-included-gettext --enable-threads=posix --libdir=/usr/lib --enable-nls --enable-bootstrap --enable-clocale=gnu --enable-libstdcxx-debug --enable-libstdcxx-time=yes --with-default-libstdcxx-abi=new --enable-libstdcxx-backtrace --enable-gnu-unique-object --disable-vtable-verify --enable-plugin --enable-default-pie --with-system-zlib --enable-libphobos-checking=release --with-target-system-zlib=auto --enable-objc-gc=auto --enable-multiarch --disable-werror --enable-cet --with-arch-32=i686 --with-abi=m64 --with-multilib-list=m32,m64,mx32 --enable-multilib --with-tune=generic --enable-offload-targets=nvptx-none=/build/gcc-13-EldibY/gcc-13-13.3.0/debian/tmp-nvptx/usr,amdgcn-amdhsa=/build/gcc-13-EldibY/gcc-13-13.3.0/debian/tmp-gcn/usr --enable-offload-defaulted --without-cuda-driver --enable-checking=release --build=x86_64-linux-gnu --host=x86_64-linux-gnu --target=x86_64-linux-gnu --with-build-config=bootstrap-lto-lean --enable-link-serialization=2
Thread model: posix
Supported LTO compression algorithms: zlib zstd
gcc version 13.3.0 (Ubuntu 13.3.0-6ubuntu2~24.04.1) 
... rest of stderr output deleted ...
configure:4150: $? = 0
configure:4139: gcc -V >&5
gcc: error: unrecognized command-line option '-V'
gcc: fatal error: no input files
compilation terminated.
configure:4150: $? = 1
configure:4139: gcc -qversion >&5
gcc: error: unrecognized command-line option '-qversion'; did you mean '--version'?
gcc: fatal error: no input files
compilation terminated.
configure:4150: $? = 1
configure:4139: gcc -version >&5
gcc: error: unrecognized command-line option '-version'
gcc: fatal error: no input files
compilation terminated.
configure:4150: $? = 1
configure:4170: checking whether the C compiler works
configure:4192: gcc    conftest.c  >&5
configure:4196: $? = 0
configure:4246: result: yes
configure:4249: checking for C compiler default output file name
configure:4251: result: a.out
configure:4257: checking for suffix of executables
configure:4264: gcc -o conftest    conftest.c  >&5
configure:4268: $? = 0
configure:4291: result: 
configure:4313: checking whether we are cross compiling
configure:4321: gcc -o conftest    conftest.c  >&5
configure:4325: $? = 0
configure:4332: ./conftest
configure:4336: $? = 0
configure:4351: result: no
configure:4356: checking for suffix of object files
configure:4379: gcc -c   conftest.c >&5
configure:4383: $? = 0
configure:4405: result: o
configure:4409: checking whether the compiler supports GNU C
configure:4429: gcc -c   conftest.c >&5
configure:4429: $? = 0
configure:4439: result: yes
configure:4450: checking whether gcc accepts -g
configure:4471: gcc -c -g  conftest.c >&5
configure:4471: $? = 0
configure:4515: result: yes
configure:4535: checking for gcc option to enable C11 features
configure:4550: gcc  -c -g -O2  conftest.c >&5
configure:4550: $? = 0
configure:4568: result: none needed
configure:4684: checking whether gcc understands -c and -o together
configure:4707: gcc -c conftest.c -o conftest2.o
configure:4710: $? = 0
configure:4707: gcc -c conftest.c -o conftest2.o
configure:4710: $? = 0
configure:4722: result: yes
configure:4741: checking dependency style of gcc
configure:4853: result: gcc3
configure:4873: checking for stdio.h
configure:4873: gcc -c -g -O2  conftest.c >&5
configure:4873: $? = 0
configure:4873: result: yes
configure:4873: checking for stdlib.h
configure:4873: gcc -c -g -O2  conftest.c >&5
configure:4873: $? = 0
configure:4873: result: yes
configure:4873: checking for string.h
configure:4873: gcc -c -g -O2  conftest.c >&5
configure:4873: $? = 0
configure:4873: result: yes
configure:4873: checking for inttypes.h
configure:4873: gcc -c -g -O2  conftest.c >&5
configure:4873: $? = 0
configure:4873: result: yes
configure:4873: checking for stdint.h
configure:4873: gcc -c -g -O2  conftest.c >&5
configure:4873: $? = 0
configure:4873: result: yes
configure:4873: checking for strings.h
configure:4873: gcc -c -g -O2  conftest.c >&5
configure:4873: $? = 0
configure:4873: result: yes
configure:4873: checking for sys/stat.h
configure:4873: gcc -c -g -O2  conftest.c >&5
configure:4873: $? = 0
configure:4873: result: yes
configure:4873: checking for sys/types.h
configure:4873: gcc -c -g -O2  conftest.c >&5
configure:4873: $? = 0
configure:4873: result: yes
configure:4873: checking for unistd.h
configure:4873: gcc -c -g -O2  conftest.c >&5
configure:4873: $? = 0
configure:4873: result: yes
configure:4873: checking for wchar.h
configure:4873: gcc -c -g -O2  conftest.c >&5
configure:4873: $? = 0
configure:4873: result: yes
configure:4873: checking for minix/config.h
configure:4873: gcc -c -g -O2  conftest.c >&5
conftest.c:49:10: fatal error: minix/config.h: No such file or directory
   49 | #include <minix/config.h>
      |          ^~~~~~~~~~~~~~~~
compilation terminated.
configure:4873: $? = 1
configure: failed program was:
| /* confdefs.h */
| #define PACKAGE_NAME "xfce4-panel"
| #define PACKAGE_TARNAME "xfce4-panel"
| #define PACKAGE_VERSION "4.18.4"
| #define PACKAGE_STRING "xfce4-panel 4.18.4"
| #define PACKAGE_BUGREPORT "https://gitlab.xfce.org/xfce/xfce4-panel/-/issues"
| #define PACKAGE_URL ""
| #define PACKAGE "xfce4-panel"
| #define VERSION "4.18.4"
| #define HAVE_STDIO_H 1
| #define HAVE_STDLIB_H 1
| #define HAVE_STRING_H 1
| #define HAVE_INTTYPES_H 1
| #define HAVE_STDINT_H 1
| #define HAVE_STRINGS_H 1
| #define HAVE_SYS_STAT_H 1
| #define HAVE_SYS_TYPES_H 1
| #define HAVE_UNISTD_H 1
| #define HAVE_WCHAR_H 1
| /* end confdefs.h.  */
| #include <stddef.h>
| #ifdef HAVE_STDIO_H
| # include <stdio.h>
| #endif
| #ifdef HAVE_STDLIB_H
| # include <stdlib.h>
| #endif
| #ifdef HAVE_STRING_H
| # include <string.h>
| #endif
| #ifdef HAVE_INTTYPES_H
| # include <inttypes.h>
| #endif
| #ifdef HAVE_STDINT_H
| # include <stdint.h>
| #endif
| #ifdef HAVE_STRINGS_H
| # include <strings.h>
| #endif
| #ifdef HAVE_SYS_TYPES_H
| # include <sys/types.h>
| #endif
| #ifdef HAVE_SYS_STAT_H
| # include <sys/stat.h>
| #endif
| #ifdef HAVE_UNISTD_H
| # include <unistd.h>
| #endif
| #include <minix/config.h>
configure:4873: result: no
configure:4904: checking whether it is safe to define __EXTENSIONS__
configure:4923: gcc -c -g -O2  conftest.c >&5
configure:4923: $? = 0
configure:4931: result: yes
configure:4934: checking whether _XOPEN_SOURCE should be defined
configure:4956: gcc -c -g -O2  conftest.c >&5
configure:4956: $? = 0
configure:4983: result: no
configure:5093: checking for gcc
configure:5125: result: gcc
configure:5478: checking for C compiler version
configure:5487: gcc --version >&5
gcc (Ubuntu 13.3.0-6ubuntu2~24.04.1) 13.3.0
Copyright (C) 2023 Free Software Foundation, Inc.
This is free software; see the source for copying conditions.  There is NO
warranty; not even for MERCHANTABILITY or FITNESS FOR A PARTICULAR PURPOSE.

configure:5498: $? = 0
configure:5487: gcc -v >&5
Using built-in specs.
COLLECT_GCC=gcc
COLLECT_LTO_WRAPPER=/usr/libexec/gcc/x86_64-linux-gnu/13/lto-wrapper
OFFLOAD_TARGET_NAMES=nvptx-none:amdgcn-amdhsa
OFFLOAD_TARGET_DEFAULT=1
Target: x86_64-linux-gnu
Configured with: ../src/configure -v --with-pkgversion='Ubuntu 13.3.0-6ubuntu2~24.04.1' --with-bugurl=file:///usr/share/doc/gcc-13/README.Bugs --enable-languages=c,ada,c++,go,d,fortran,objc,obj-c++,m2 --prefix=/usr --with-gcc-major-version-only --program-suffix=-13 --program-prefix=x86_64-linux-gnu- --enable-shared --enable-linker-build-id --libexecdir=/usr/libexec --without-included-gettext --enable-threads=posix --libdir=/usr/lib --enable-nls --enable-bootstrap --enable-clocale=gnu --enable-libstdcxx-debug --enable-libstdcxx-time=yes --with-default-libstdcxx-abi=new --enable-libstdcxx-backtrace --enable-gnu-unique-object --disable-vtable-verify --enable-plugin --enable-default-pie --with-system-zlib --enable-libphobos-checking=release --with-target-system-zlib=auto --enable-objc-gc=auto --enable-multiarch --disable-werror --enable-cet --with-arch-32=i686 --with-abi=m64 --with-multilib-list=m32,m64,mx32 --enable-multilib --with-tune=generic --enable-offload-targets=nvptx-none=/build/gcc-13-EldibY/gcc-13-13.3.0/debian/tmp-nvptx/usr,amdgcn-amdhsa=/build/gcc-13-EldibY/gcc-13-13.3.0/debian/tmp-gcn/usr --enable-offload-defaulted --without-cuda-driver --enable-checking=release --build=x86_64-linux-gnu --host=x86_64-linux-gnu --target=x86_64-linux-gnu --with-build-config=bootstrap-lto-lean --enable-link-serialization=2
Thread model: posix
Supported LTO compression algorithms: zlib zstd
gcc version 13.3.0 (Ubuntu 13.3.0-6ubuntu2~24.04.1) 
... rest of stderr output deleted ...
configure:5498: $? = 0
configure:5487: gcc -V >&5
gcc: error: unrecognized command-line option '-V'
gcc: fatal error: no input files
compilation terminated.
configure:5498: $? = 1
configure:5487: gcc -qversion >&5
gcc: error: unrecognized command-line option '-qversion'; did you mean '--version'?
gcc: fatal error: no input files
compilation terminated.
configure:5498: $? = 1
configure:5487: gcc -version >&5
gcc: error: unrecognized command-line option '-version'
gcc: fatal error: no input files
compilation terminated.
configure:5498: $? = 1
configure:5502: checking whether the compiler supports GNU C
configure:5532: result: yes
configure:5543: checking whether gcc accepts -g
configure:5608: result: yes
configure:5628: checking for gcc option to enable C11 features
configure:5661: result: none needed
configure:5777: checking whether gcc understands -c and -o together
configure:5815: result: yes
configure:5834: checking dependency style of gcc
configure:5946: result: gcc3
configure:5968: checking build system type
configure:5983: result: x86_64-pc-linux-gnu
configure:6003: checking host system type
configure:6017: result: x86_64-pc-linux-gnu
configure:6037: checking for a sed that does not truncate output
configure:6107: result: /usr/bin/sed
configure:6125: checking for grep that handles long lines and -e
configure:6189: result: /usr/bin/grep
configure:6194: checking for egrep
configure:6262: result: /usr/bin/grep -E
configure:6267: checking for fgrep
configure:6335: result: /usr/bin/grep -F
configure:6362: checking how to print strings
configure:6389: result: printf
configure:6423: checking for ld used by gcc
configure:6491: result: /usr/bin/ld
configure:6498: checking if the linker (/usr/bin/ld) is GNU ld
configure:6514: result: yes
configure:6528: checking whether NLS is requested
configure:6538: result: yes
configure:6556: checking for intltool >= 0.35.0
configure:6558: result: 0.51.0 found
configure:6566: checking for intltool-update
configure:6589: found /usr/bin/intltool-update
configure:6601: result: /usr/bin/intltool-update
configure:6611: checking for intltool-merge
configure:6634: found /usr/bin/intltool-merge
configure:6646: result: /usr/bin/intltool-merge
configure:6656: checking for intltool-extract
configure:6679: found /usr/bin/intltool-extract
configure:6691: result: /usr/bin/intltool-extract
configure:6845: checking for xgettext
configure:6868: found /usr/bin/xgettext
configure:6880: result: /usr/bin/xgettext
configure:6890: checking for msgmerge
configure:6913: found /usr/bin/msgmerge
configure:6925: result: /usr/bin/msgmerge
configure:6935: checking for msgfmt
configure:6958: found /usr/bin/msgfmt
configure:6970: result: /usr/bin/msgfmt
configure:6980: checking for gmsgfmt
configure:7016: result: /usr/bin/msgfmt
configure:7036: checking for perl
configure:7059: found /usr/bin/perl
configure:7071: result: /usr/bin/perl
configure:7082: checking for perl >= 5.8.1
configure:7089: result: 5.38.2
configure:7093: checking for XML::Parser
configure:7096: result: ok
configure:7113: checking for perl5
configure:7148: result: no
configure:7113: checking for perl
configure:7134: found /usr/bin/perl
configure:7145: result: perl
configure:7156: checking for a sed that does not truncate output
configure:7226: result: /usr/bin/sed
configure:7276: checking for BSD- or MS-compatible name lister (nm)
configure:7331: result: /usr/bin/nm -B
configure:7471: checking the name lister (/usr/bin/nm -B) interface
configure:7479: gcc -c -g -O2  conftest.c >&5
configure:7482: /usr/bin/nm -B "conftest.o"
configure:7485: output
0000000000000000 B some_variable
configure:7492: result: BSD nm
configure:7495: checking whether ln -s works
configure:7499: result: yes
configure:7507: checking the maximum length of command line arguments
configure:7639: result: 1572864
configure:7687: checking how to convert x86_64-pc-linux-gnu file names to x86_64-pc-linux-gnu format
configure:7728: result: func_convert_file_noop
configure:7735: checking how to convert x86_64-pc-linux-gnu file names to toolchain format
configure:7756: result: func_convert_file_noop
configure:7763: checking for /usr/bin/ld option to reload object files
configure:7771: result: -r
configure:7850: checking for file
configure:7871: found /usr/bin/file
configure:7882: result: file
configure:7958: checking for objdump
configure:7979: found /usr/bin/objdump
configure:7990: result: objdump
configure:8022: checking how to recognize dependent libraries
configure:8223: result: pass_all
configure:8313: checking for dlltool
configure:8348: result: no
configure:8378: checking how to associate runtime and link libraries
configure:8406: result: printf %s\n
configure:8471: checking for ar
configure:8492: found /usr/bin/ar
configure:8503: result: ar
configure:8556: checking for archiver @FILE support
configure:8574: gcc -c -g -O2  conftest.c >&5
configure:8574: $? = 0
configure:8578: ar cr libconftest.a @conftest.lst >&5
configure:8581: $? = 0
configure:8586: ar cr libconftest.a @conftest.lst >&5
ar: conftest.o: No such file or directory
configure:8589: $? = 1
configure:8601: result: @
configure:8664: checking for strip
configure:8685: found /usr/bin/strip
configure:8696: result: strip
configure:8773: checking for ranlib
configure:8794: found /usr/bin/ranlib
configure:8805: result: ranlib
configure:8907: checking command to parse /usr/bin/nm -B output from gcc object
configure:9061: gcc -c -g -O2  conftest.c >&5
configure:9064: $? = 0
configure:9068: /usr/bin/nm -B conftest.o | /usr/bin/sed -n -e 's/^.*[	 ]\([ABCDGIRSTW][ABCDGIRSTW]*\)[	 ][	 ]*\([_A-Za-z][_A-Za-z0-9]*\)$/\1 \2 \2/p' | /usr/bin/sed '/ __gnu_lto/d' > conftest.nm
configure:9134: gcc -o conftest -g -O2   conftest.c conftstm.o >&5
configure:9137: $? = 0
configure:9175: result: ok
configure:9222: checking for sysroot
configure:9253: result: no
configure:9260: checking for a working dd
configure:9304: result: /usr/bin/dd
configure:9308: checking how to truncate binary pipes
configure:9324: result: /usr/bin/dd bs=4096 count=1
configure:9461: gcc -c -g -O2  conftest.c >&5
configure:9464: $? = 0
configure:9661: checking for mt
configure:9682: found /usr/bin/mt
configure:9693: result: mt
configure:9716: checking if mt is a manifest tool
configure:9723: mt '-?'
configure:9731: result: no
configure:10452: checking for dlfcn.h
configure:10452: gcc -c -g -O2  conftest.c >&5
configure:10452: $? = 0
configure:10452: result: yes
configure:10710: checking for objdir
configure:10726: result: .libs
configure:10990: checking if gcc supports -fno-rtti -fno-exceptions
configure:11009: gcc -c -g -O2  -fno-rtti -fno-exceptions conftest.c >&5
cc1: warning: command-line option '-fno-rtti' is valid for C++/D/ObjC++ but not for C
configure:11013: $? = 0
configure:11026: result: no
configure:11390: checking for gcc option to produce PIC
configure:11398: result: -fPIC -DPIC
configure:11406: checking if gcc PIC flag -fPIC -DPIC works
configure:11425: gcc -c -g -O2  -fPIC -DPIC -DPIC conftest.c >&5
configure:11429: $? = 0
configure:11442: result: yes
configure:11471: checking if gcc static flag -static works
configure:11500: result: yes
configure:11515: checking if gcc supports -c -o file.o
configure:11537: gcc -c -g -O2  -o out/conftest2.o conftest.c >&5
configure:11541: $? = 0
configure:11563: result: yes
configure:11571: checking if gcc supports -c -o file.o
configure:11619: result: yes
configure:11652: checking whether the gcc linker (/usr/bin/ld -m elf_x86_64) supports shared libraries
configure:12926: result: yes
configure:12963: checking whether -lc should be explicitly linked in
configure:12972: gcc -c -g -O2  conftest.c >&5
configure:12975: $? = 0
configure:12990: gcc -shared  -fPIC -DPIC conftest.o  -v -Wl,-soname -Wl,conftest -o conftest 2\>\&1 \| /usr/bin/grep  -lc  \>/dev/null 2\>\&1
configure:12993: $? = 0
configure:13007: result: no
configure:13167: checking dynamic linker characteristics
configure:13749: gcc -o conftest -g -O2   -Wl,-rpath -Wl,/foo conftest.c  >&5
configure:13749: $? = 0
configure:14000: result: GNU/Linux ld.so
configure:14122: checking how to hardcode library paths into programs
configure:14147: result: immediate
configure:14699: checking whether stripping libraries is possible
configure:14708: result: yes
configure:14750: checking if libtool supports shared libraries
configure:14752: result: yes
configure:14755: checking whether to build shared libraries
configure:14780: result: yes
configure:14783: checking whether to build static libraries
configure:14787: result: no
configure:14848: checking for stdlib.h
configure:14848: result: yes
configure:14854: checking for unistd.h
configure:14854: result: yes
configure:14860: checking for locale.h
configure:14860: gcc -c -g -O2  conftest.c >&5
configure:14860: $? = 0
configure:14860: result: yes
configure:14866: checking for stdio.h
configure:14866: result: yes
configure:14872: checking for errno.h
configure:14872: gcc -c -g -O2  conftest.c >&5
configure:14872: $? = 0
configure:14872: result: yes
configure:14878: checking for time.h
configure:14878: gcc -c -g -O2  conftest.c >&5
configure:14878: $? = 0
configure:14878: result: yes
configure:14884: checking for string.h
configure:14884: result: yes
configure:14890: checking for math.h
configure:14890: gcc -c -g -O2  conftest.c >&5
configure:14890: $? = 0
configure:14890: result: yes
configure:14896: checking for sys/types.h
configure:14896: result: yes
configure:14902: checking for sys/wait.h
configure:14902: gcc -c -g -O2  conftest.c >&5
configure:14902: $? = 0
configure:14902: result: yes
configure:14908: checking for memory.h
configure:14908: gcc -c -g -O2  conftest.c >&5
configure:14908: $? = 0
configure:14908: result: yes
configure:14914: checking for signal.h
configure:14914: gcc -c -g -O2  conftest.c >&5
configure:14914: $? = 0
configure:14914: result: yes
configure:14920: checking for sys/prctl.h
configure:14920: gcc -c -g -O2  conftest.c >&5
configure:14920: $? = 0
configure:14920: result: yes
configure:14926: checking for libintl.h
configure:14926: gcc -c -g -O2  conftest.c >&5
configure:14926: $? = 0
configure:14926: result: yes
configure:14933: checking for bind_textdomain_codeset
configure:14933: gcc -o conftest -g -O2   conftest.c  >&5
configure:14933: $? = 0
configure:14933: result: yes
configure:14950: checking for bind_textdomain_codeset
configure:14950: result: yes
configure:14957: checking for locales directory
configure:14974: result: ${prefix}/share/locale
configure:14984: checking how to run the C preprocessor
configure:15010: gcc -E  conftest.c
configure:15010: $? = 0
configure:15025: gcc -E  conftest.c
conftest.c:58:10: fatal error: ac_nonexistent.h: No such file or directory
   58 | #include <ac_nonexistent.h>
      |          ^~~~~~~~~~~~~~~~~~
compilation terminated.
configure:15025: $? = 1
configure: failed program was:
| /* confdefs.h */
| #define PACKAGE_NAME "xfce4-panel"
| #define PACKAGE_TARNAME "xfce4-panel"
| #define PACKAGE_VERSION "4.18.4"
| #define PACKAGE_STRING "xfce4-panel 4.18.4"
| #define PACKAGE_BUGREPORT "https://gitlab.xfce.org/xfce/xfce4-panel/-/issues"
| #define PACKAGE_URL ""
| #define PACKAGE "xfce4-panel"
| #define VERSION "4.18.4"
| #define HAVE_STDIO_H 1
| #define HAVE_STDLIB_H 1
| #define HAVE_STRING_H 1
| #define HAVE_INTTYPES_H 1
| #define HAVE_STDINT_H 1
| #define HAVE_STRINGS_H 1
| #define HAVE_SYS_STAT_H 1
| #define HAVE_SYS_TYPES_H 1
| #define HAVE_UNISTD_H 1
| #define HAVE_WCHAR_H 1
| #define STDC_HEADERS 1
| #define _ALL_SOURCE 1
| #define _DARWIN_C_SOURCE 1
| #define _GNU_SOURCE 1
| #define _HPUX_ALT_XOPEN_SOCKET_API 1
| #define _NETBSD_SOURCE 1
| #define _OPENBSD_SOURCE 1
| #define _POSIX_PTHREAD_SEMANTICS 1
| #define __STDC_WANT_IEC_60559_ATTRIBS_EXT__ 1
| #define __STDC_WANT_IEC_60559_BFP_EXT__ 1
| #define __STDC_WANT_IEC_60559_DFP_EXT__ 1
| #define __STDC_WANT_IEC_60559_FUNCS_EXT__ 1
| #define __STDC_WANT_IEC_60559_TYPES_EXT__ 1
| #define __STDC_WANT_LIB_EXT2__ 1
| #define __STDC_WANT_MATH_SPEC_FUNCS__ 1
| #define _TANDEM_SOURCE 1
| #define __EXTENSIONS__ 1
| #define HAVE_DLFCN_H 1
| #define LT_OBJDIR ".libs/"
| #define LIBXFCE4PANEL_VERSION_API "2.0"
| #define XFCE4_PANEL_CONFIG_VERSION 2
| #define HAVE_STDLIB_H 1
| #define HAVE_UNISTD_H 1
| #define HAVE_LOCALE_H 1
| #define HAVE_STDIO_H 1
| #define HAVE_ERRNO_H 1
| #define HAVE_TIME_H 1
| #define HAVE_STRING_H 1
| #define HAVE_MATH_H 1
| #define HAVE_SYS_TYPES_H 1
| #define HAVE_SYS_WAIT_H 1
| #define HAVE_MEMORY_H 1
| #define HAVE_SIGNAL_H 1
| #define HAVE_SYS_PRCTL_H 1
| #define HAVE_LIBINTL_H 1
| #define HAVE_BIND_TEXTDOMAIN_CODESET 1
| #define GETTEXT_PACKAGE "xfce4-panel"
| /* end confdefs.h.  */
| #include <ac_nonexistent.h>
configure:15052: result: gcc -E
configure:15066: gcc -E  conftest.c
configure:15066: $? = 0
configure:15081: gcc -E  conftest.c
conftest.c:58:10: fatal error: ac_nonexistent.h: No such file or directory
   58 | #include <ac_nonexistent.h>
      |          ^~~~~~~~~~~~~~~~~~
compilation terminated.
configure:15081: $? = 1
configure: failed program was:
| /* confdefs.h */
| #define PACKAGE_NAME "xfce4-panel"
| #define PACKAGE_TARNAME "xfce4-panel"
| #define PACKAGE_VERSION "4.18.4"
| #define PACKAGE_STRING "xfce4-panel 4.18.4"
| #define PACKAGE_BUGREPORT "https://gitlab.xfce.org/xfce/xfce4-panel/-/issues"
| #define PACKAGE_URL ""
| #define PACKAGE "xfce4-panel"
| #define VERSION "4.18.4"
| #define HAVE_STDIO_H 1
| #define HAVE_STDLIB_H 1
| #define HAVE_STRING_H 1
| #define HAVE_INTTYPES_H 1
| #define HAVE_STDINT_H 1
| #define HAVE_STRINGS_H 1
| #define HAVE_SYS_STAT_H 1
| #define HAVE_SYS_TYPES_H 1
| #define HAVE_UNISTD_H 1
| #define HAVE_WCHAR_H 1
| #define STDC_HEADERS 1
| #define _ALL_SOURCE 1
| #define _DARWIN_C_SOURCE 1
| #define _GNU_SOURCE 1
| #define _HPUX_ALT_XOPEN_SOCKET_API 1
| #define _NETBSD_SOURCE 1
| #define _OPENBSD_SOURCE 1
| #define _POSIX_PTHREAD_SEMANTICS 1
| #define __STDC_WANT_IEC_60559_ATTRIBS_EXT__ 1
| #define __STDC_WANT_IEC_60559_BFP_EXT__ 1
| #define __STDC_WANT_IEC_60559_DFP_EXT__ 1
| #define __STDC_WANT_IEC_60559_FUNCS_EXT__ 1
| #define __STDC_WANT_IEC_60559_TYPES_EXT__ 1
| #define __STDC_WANT_LIB_EXT2__ 1
| #define __STDC_WANT_MATH_SPEC_FUNCS__ 1
| #define _TANDEM_SOURCE 1
| #define __EXTENSIONS__ 1
| #define HAVE_DLFCN_H 1
| #define LT_OBJDIR ".libs/"
| #define LIBXFCE4PANEL_VERSION_API "2.0"
| #define XFCE4_PANEL_CONFIG_VERSION 2
| #define HAVE_STDLIB_H 1
| #define HAVE_UNISTD_H 1
| #define HAVE_LOCALE_H 1
| #define HAVE_STDIO_H 1
| #define HAVE_ERRNO_H 1
| #define HAVE_TIME_H 1
| #define HAVE_STRING_H 1
| #define HAVE_MATH_H 1
| #define HAVE_SYS_TYPES_H 1
| #define HAVE_SYS_WAIT_H 1
| #define HAVE_MEMORY_H 1
| #define HAVE_SIGNAL_H 1
| #define HAVE_SYS_PRCTL_H 1
| #define HAVE_LIBINTL_H 1
| #define HAVE_BIND_TEXTDOMAIN_CODESET 1
| #define GETTEXT_PACKAGE "xfce4-panel"
| /* end confdefs.h.  */
| #include <ac_nonexistent.h>
configure:15112: checking for X
configure:15150: gcc -o conftest -g -O2   conftest.c -lX11  >&5
configure:15150: $? = 0
configure:15337: result: libraries , headers 
configure:15435: gcc -o conftest -g -O2   conftest.c   -lX11 >&5
configure:15435: $? = 0
configure:15534: checking for gethostbyname
configure:15534: gcc -o conftest -g -O2   conftest.c  >&5
configure:15534: $? = 0
configure:15534: result: yes
configure:15632: checking for connect
configure:15632: gcc -o conftest -g -O2   conftest.c  >&5
configure:15632: $? = 0
configure:15632: result: yes
configure:15682: checking for remove
configure:15682: gcc -o conftest -g -O2   conftest.c  >&5
configure:15682: $? = 0
configure:15682: result: yes
configure:15732: checking for shmat
configure:15732: gcc -o conftest -g -O2   conftest.c  >&5
configure:15732: $? = 0
configure:15732: result: yes
configure:15791: checking for IceConnectionNumber in -lICE
configure:15814: gcc -o conftest -g -O2   conftest.c -lICE   >&5
configure:15814: $? = 0
configure:15824: result: yes
configure:15840: checking for main in -lX11
configure:15860: gcc -o conftest -g -O2   conftest.c -lX11   -lSM -lICE    >&5
configure:15860: $? = 0
configure:15870: result: yes
configure:15914: checking for gdbus-codegen
configure:15937: found /usr/bin/gdbus-codegen
configure:15950: result: /usr/bin/gdbus-codegen
configure:16039: checking for pkg-config
configure:16062: found /usr/bin/pkg-config
configure:16074: result: /usr/bin/pkg-config
configure:16099: checking pkg-config is at least version 0.9.0
configure:16102: result: yes
configure:16124: checking for libxfce4util-1.0 >= 4.17.2
configure:16128: result: 4.18.1
configure:16131: checking LIBXFCE4UTIL_CFLAGS
configure:16134: result: -I/usr/include/xfce4 -I/usr/include/glib-2.0 -I/usr/lib/x86_64-linux-gnu/glib-2.0/include 
configure:16137: checking LIBXFCE4UTIL_LIBS
configure:16140: result: -lxfce4util -lglib-2.0 
configure:16252: checking for pkg-config
configure:16287: result: /usr/bin/pkg-config
configure:16312: checking pkg-config is at least version 0.9.0
configure:16315: result: yes
configure:16337: checking for garcon-1 >= 4.17.0
configure:16341: result: 4.18.1
configure:16344: checking GARCON_CFLAGS
configure:16347: result: -I/usr/include/garcon-1 -I/usr/include/glib-2.0 -I/usr/lib/x86_64-linux-gnu/glib-2.0/include -I/usr/include/libmount -I/usr/include/blkid -pthread 
configure:16350: checking GARCON_LIBS
configure:16353: result: -lgarcon-1 -lgio-2.0 -lgthread-2.0 -pthread -lglib-2.0 -lgobject-2.0 -lglib-2.0 
configure:16465: checking for pkg-config
configure:16500: result: /usr/bin/pkg-config
configure:16525: checking pkg-config is at least version 0.9.0
configure:16528: result: yes
configure:16550: checking for garcon-gtk3-1 >= 4.17.0
configure:16554: result: 4.18.1
configure:16557: checking GARCON_GTK3_CFLAGS
configure:16560: result: -I/usr/include/garcon-gtk3-1 -I/usr/include/garcon-1 -I/usr/include/glib-2.0 -I/usr/lib/x86_64-linux-gnu/glib-2.0/include -I/usr/include/libmount -I/usr/include/blkid -I/usr/include/gtk-3.0 -I/usr/include/pango-1.0 -I/usr/include/harfbuzz -I/usr/include/freetype2 -I/usr/include/libpng16 -I/usr/include/fribidi -I/usr/include/cairo -I/usr/include/pixman-1 -I/usr/include/gdk-pixbuf-2.0 -I/usr/include/x86_64-linux-gnu -I/usr/include/webp -I/usr/include/gio-unix-2.0 -I/usr/include/atk-1.0 -I/usr/include/at-spi2-atk/2.0 -I/usr/include/at-spi-2.0 -I/usr/include/dbus-1.0 -I/usr/lib/x86_64-linux-gnu/dbus-1.0/include -I/usr/include/xfce4/libxfce4ui-2 -pthread -I/usr/include/xfce4 
configure:16563: checking GARCON_GTK3_LIBS
configure:16566: result: -lgarcon-gtk3-1 -lgarcon-1 -lgthread-2.0 -pthread -lglib-2.0 -lxfce4ui-2 -lgtk-3 -lgdk-3 -lz -lpangocairo-1.0 -lpango-1.0 -lharfbuzz -latk-1.0 -lcairo-gobject -lcairo -lgdk_pixbuf-2.0 -lgio-2.0 -lgobject-2.0 -lxfce4util -lglib-2.0 
configure:16678: checking for pkg-config
configure:16713: result: /usr/bin/pkg-config
configure:16738: checking pkg-config is at least version 0.9.0
configure:16741: result: yes
configure:16763: checking for libxfce4ui-2 >= 4.17.1
configure:16767: result: 4.18.4
configure:16770: checking LIBXFCE4UI_CFLAGS
configure:16773: result: -I/usr/include/xfce4/libxfce4ui-2 -I/usr/include/gtk-3.0 -I/usr/include/pango-1.0 -I/usr/include/glib-2.0 -I/usr/lib/x86_64-linux-gnu/glib-2.0/include -I/usr/include/harfbuzz -I/usr/include/freetype2 -I/usr/include/libpng16 -I/usr/include/libmount -I/usr/include/blkid -I/usr/include/fribidi -I/usr/include/cairo -I/usr/include/pixman-1 -I/usr/include/gdk-pixbuf-2.0 -I/usr/include/x86_64-linux-gnu -I/usr/include/webp -I/usr/include/gio-unix-2.0 -I/usr/include/atk-1.0 -I/usr/include/at-spi2-atk/2.0 -I/usr/include/at-spi-2.0 -I/usr/include/dbus-1.0 -I/usr/lib/x86_64-linux-gnu/dbus-1.0/include -pthread -I/usr/include/xfce4 
configure:16776: checking LIBXFCE4UI_LIBS
configure:16779: result: -lxfce4ui-2 -lgtk-3 -lgdk-3 -lz -lpangocairo-1.0 -lpango-1.0 -lharfbuzz -latk-1.0 -lcairo-gobject -lcairo -lgdk_pixbuf-2.0 -lgio-2.0 -lgobject-2.0 -lxfce4util -lglib-2.0 
configure:16891: checking for pkg-config
configure:16926: result: /usr/bin/pkg-config
configure:16951: checking pkg-config is at least version 0.9.0
configure:16954: result: yes
configure:16976: checking for libxfconf-0 >= 4.13.2
configure:16980: result: 4.18.1
configure:16983: checking XFCONF_CFLAGS
configure:16986: result: -I/usr/include/xfce4/xfconf-0 -I/usr/include/glib-2.0 -I/usr/lib/x86_64-linux-gnu/glib-2.0/include -pthread -I/usr/include/libmount -I/usr/include/blkid 
configure:16989: checking XFCONF_LIBS
configure:16992: result: -lxfconf-0 -lgio-2.0 -lgobject-2.0 -lglib-2.0 
configure:17104: checking for pkg-config
configure:17139: result: /usr/bin/pkg-config
configure:17164: checking pkg-config is at least version 0.9.0
configure:17167: result: yes
configure:17189: checking for gtk+-3.0 >= 3.24.0
configure:17193: result: 3.24.41
configure:17196: checking GTK_CFLAGS
configure:17199: result: -I/usr/include/gtk-3.0 -I/usr/include/pango-1.0 -I/usr/include/glib-2.0 -I/usr/lib/x86_64-linux-gnu/glib-2.0/include -I/usr/include/harfbuzz -I/usr/include/freetype2 -I/usr/include/libpng16 -I/usr/include/libmount -I/usr/include/blkid -I/usr/include/fribidi -I/usr/include/cairo -I/usr/include/pixman-1 -I/usr/include/gdk-pixbuf-2.0 -I/usr/include/x86_64-linux-gnu -I/usr/include/webp -I/usr/include/gio-unix-2.0 -I/usr/include/atk-1.0 -I/usr/include/at-spi2-atk/2.0 -I/usr/include/at-spi-2.0 -I/usr/include/dbus-1.0 -I/usr/lib/x86_64-linux-gnu/dbus-1.0/include -pthread 
configure:17202: checking GTK_LIBS
configure:17205: result: -lgtk-3 -lgdk-3 -lz -lpangocairo-1.0 -lpango-1.0 -lharfbuzz -latk-1.0 -lcairo-gobject -lcairo -lgdk_pixbuf-2.0 -lgio-2.0 -lgobject-2.0 -lglib-2.0 
configure:17317: checking for pkg-config
configure:17352: result: /usr/bin/pkg-config
configure:17377: checking pkg-config is at least version 0.9.0
configure:17380: result: yes
configure:17402: checking for exo-2 >= 0.11.2
configure:17406: result: 4.18.0
configure:17409: checking EXO_CFLAGS
configure:17412: result: -I/usr/include/exo-2 -I/usr/include/gtk-3.0 -I/usr/include/pango-1.0 -I/usr/include/glib-2.0 -I/usr/lib/x86_64-linux-gnu/glib-2.0/include -I/usr/include/harfbuzz -I/usr/include/freetype2 -I/usr/include/libpng16 -I/usr/include/libmount -I/usr/include/blkid -I/usr/include/fribidi -I/usr/include/cairo -I/usr/include/pixman-1 -I/usr/include/gdk-pixbuf-2.0 -I/usr/include/x86_64-linux-gnu -I/usr/include/webp -I/usr/include/gio-unix-2.0 -I/usr/include/atk-1.0 -I/usr/include/at-spi2-atk/2.0 -I/usr/include/at-spi-2.0 -I/usr/include/dbus-1.0 -I/usr/lib/x86_64-linux-gnu/dbus-1.0/include -pthread -I/usr/include/xfce4 
configure:17415: checking EXO_LIBS
configure:17418: result: -lexo-2 -lgtk-3 -lgdk-3 -lz -lpangocairo-1.0 -lpango-1.0 -lharfbuzz -latk-1.0 -lcairo-gobject -lcairo -lgdk_pixbuf-2.0 -lgio-2.0 -lgobject-2.0 -lxfce4util -lglib-2.0 
configure:17530: checking for pkg-config
configure:17565: result: /usr/bin/pkg-config
configure:17590: checking pkg-config is at least version 0.9.0
configure:17593: result: yes
configure:17615: checking for glib-2.0 >= 2.66.0
configure:17619: result: 2.80.0
configure:17622: checking GLIB_CFLAGS
configure:17625: result: -I/usr/include/glib-2.0 -I/usr/lib/x86_64-linux-gnu/glib-2.0/include 
configure:17628: checking GLIB_LIBS
configure:17631: result: -lglib-2.0 
configure:17648: setting GLIB_VERSION_MAX_ALLOWED and GLIB_VERSION_MIN_REQUIRED according to 2.66.0
configure:17755: checking for pkg-config
configure:17790: result: /usr/bin/pkg-config
configure:17815: checking pkg-config is at least version 0.9.0
configure:17818: result: yes
configure:17840: checking for gio-2.0 >= 2.66.0
configure:17844: result: 2.80.0
configure:17847: checking GIO_CFLAGS
configure:17850: result: -I/usr/include/glib-2.0 -I/usr/lib/x86_64-linux-gnu/glib-2.0/include -pthread -I/usr/include/libmount -I/usr/include/blkid 
configure:17853: checking GIO_LIBS
configure:17856: result: -lgio-2.0 -lgobject-2.0 -lglib-2.0 
configure:17905: checking for gio-unix-2.0 >= 2.66.0
configure:17912: $PKG_CONFIG --exists --print-errors "gio-unix-2.0 >= 2.66.0"
configure:17915: $? = 0
configure:17929: $PKG_CONFIG --exists --print-errors "gio-unix-2.0 >= 2.66.0"
configure:17932: $? = 0
configure:17990: result: yes
configure:18059: checking for pkg-config
configure:18094: result: /usr/bin/pkg-config
configure:18119: checking pkg-config is at least version 0.9.0
configure:18122: result: yes
configure:18144: checking for gmodule-2.0 >= 2.66.0
configure:18148: result: 2.80.0
configure:18151: checking GMODULE_CFLAGS
configure:18154: result: -pthread -I/usr/include/glib-2.0 -I/usr/lib/x86_64-linux-gnu/glib-2.0/include 
configure:18157: checking GMODULE_LIBS
configure:18160: result: -Wl,--export-dynamic -lgmodule-2.0 -pthread -lglib-2.0 -lglib-2.0 
configure:18272: checking for pkg-config
configure:18307: result: /usr/bin/pkg-config
configure:18332: checking pkg-config is at least version 0.9.0
configure:18335: result: yes
configure:18357: checking for cairo >= 1.16.0
configure:18361: result: 1.18.0
configure:18364: checking CAIRO_CFLAGS
configure:18367: result: -I/usr/include/cairo -I/usr/include/libpng16 -I/usr/include/freetype2 -I/usr/include/pixman-1 
configure:18370: checking CAIRO_LIBS
configure:18373: result: -lcairo 
configure:18485: checking for pkg-config
configure:18520: result: /usr/bin/pkg-config
configure:18545: checking pkg-config is at least version 0.9.0
configure:18548: result: yes
configure:18570: checking for libwnck-3.0 >= 3.0
configure:18574: result: 43.0
configure:18577: checking LIBWNCK_CFLAGS
configure:18580: result: -I/usr/include/libwnck-3.0 -I/usr/include/glib-2.0 -I/usr/lib/x86_64-linux-gnu/glib-2.0/include -I/usr/include/gtk-3.0 -I/usr/include/pango-1.0 -I/usr/include/harfbuzz -I/usr/include/freetype2 -I/usr/include/libpng16 -I/usr/include/libmount -I/usr/include/blkid -I/usr/include/fribidi -I/usr/include/cairo -I/usr/include/pixman-1 -I/usr/include/gdk-pixbuf-2.0 -I/usr/include/x86_64-linux-gnu -I/usr/include/webp -I/usr/include/gio-unix-2.0 -I/usr/include/atk-1.0 -I/usr/include/at-spi2-atk/2.0 -I/usr/include/at-spi-2.0 -I/usr/include/dbus-1.0 -I/usr/lib/x86_64-linux-gnu/dbus-1.0/include -pthread -I/usr/include/startup-notification-1.0 
configure:18583: checking LIBWNCK_LIBS
configure:18586: result: -lwnck-3 -lgtk-3 -lgdk-3 -lz -lpangocairo-1.0 -lpango-1.0 -lharfbuzz -latk-1.0 -lcairo-gobject -lcairo -lgdk_pixbuf-2.0 -lgio-2.0 -lgobject-2.0 -lglib-2.0 
configure:18713: checking for pkg-config
configure:18748: result: /usr/bin/pkg-config
configure:18773: checking pkg-config is at least version 0.9.0
configure:18776: result: yes
configure:18798: checking for dbusmenu-gtk3-0.4 >= 16.04.0
configure:18802: result: 16.04.0
configure:18805: checking DBUSMENU_CFLAGS
configure:18808: result: -I/usr/include/libdbusmenu-gtk3-0.4 -I/usr/include/libdbusmenu-glib-0.4 -I/usr/include/gdk-pixbuf-2.0 -I/usr/include/glib-2.0 -I/usr/lib/x86_64-linux-gnu/glib-2.0/include -I/usr/include/libpng16 -I/usr/include/x86_64-linux-gnu -I/usr/include/webp -I/usr/include/libmount -I/usr/include/blkid -I/usr/include/gtk-3.0 -I/usr/include/pango-1.0 -I/usr/include/harfbuzz -I/usr/include/freetype2 -I/usr/include/fribidi -I/usr/include/cairo -I/usr/include/pixman-1 -I/usr/include/gio-unix-2.0 -I/usr/include/atk-1.0 -I/usr/include/at-spi2-atk/2.0 -I/usr/include/at-spi-2.0 -I/usr/include/dbus-1.0 -I/usr/lib/x86_64-linux-gnu/dbus-1.0/include -pthread 
configure:18811: checking DBUSMENU_LIBS
configure:18814: result: -ldbusmenu-gtk3 -ldbusmenu-glib -lgtk-3 -lgdk-3 -lz -lpangocairo-1.0 -lpango-1.0 -lharfbuzz -latk-1.0 -lcairo-gobject -lcairo -lgdk_pixbuf-2.0 -lgio-2.0 -lgobject-2.0 -lglib-2.0 
configure:18968: checking for pkg-config
configure:19003: result: /usr/bin/pkg-config
configure:19028: checking pkg-config is at least version 0.9.0
configure:19031: result: yes
configure:19053: checking for gio-unix-2.0 >= 2.66.0
configure:19057: result: 2.80.0
configure:19060: checking GIO_UNIX_CFLAGS
configure:19063: result: -I/usr/include/gio-unix-2.0 -I/usr/include/glib-2.0 -I/usr/lib/x86_64-linux-gnu/glib-2.0/include -pthread -I/usr/include/libmount -I/usr/include/blkid 
configure:19066: checking GIO_UNIX_LIBS
configure:19069: result: -lgio-2.0 -lgobject-2.0 -lglib-2.0 
configure:19156: checking for gobject-introspection
configure:19187: $PKG_CONFIG --exists --print-errors "gobject-introspection-1.0 >= 1.66.0"
configure:19190: $? = 0
configure:19202: result: yes
configure:19432: checking for pkg-config
configure:19467: result: /usr/bin/pkg-config
configure:19492: checking pkg-config is at least version 0.9.0
configure:19495: result: yes
configure:19505: $PKG_CONFIG --exists --print-errors "$vapigen_pkg"
Package vapigen was not found in the pkg-config search path.
Perhaps you should add the directory containing `vapigen.pc'
to the PKG_CONFIG_PATH environment variable
Package 'vapigen', required by 'virtual:world', not found
configure:19508: $? = 1
configure:19535: checking for vapigen
configure:19558: result: no
configure:19579: checking for gtk-doc
configure:19582: $PKG_CONFIG --exists --print-errors "$gtk_doc_requires"
configure:19585: $? = 0
configure:19591: result: yes
configure:19605: checking for gtkdoc-check
configure:19626: found /usr/bin/gtkdoc-check
configure:19637: result: gtkdoc-check.test
configure:19647: checking for gtkdoc-check
configure:19670: found /usr/bin/gtkdoc-check
configure:19682: result: /usr/bin/gtkdoc-check
configure:19694: checking for gtkdoc-rebase
configure:19717: found /usr/bin/gtkdoc-rebase
configure:19729: result: /usr/bin/gtkdoc-rebase
configure:19743: checking for gtkdoc-mkpdf
configure:19766: found /usr/bin/gtkdoc-mkpdf
configure:19778: result: /usr/bin/gtkdoc-mkpdf
configure:19808: checking whether to build gtk-doc documentation
configure:19810: result: no
configure:19823: checking for glib-2.0 >= 2.10.0 gobject-2.0  >= 2.10.0
configure:19830: $PKG_CONFIG --exists --print-errors "glib-2.0 >= 2.10.0 gobject-2.0  >= 2.10.0"
configure:19833: $? = 0
configure:19847: $PKG_CONFIG --exists --print-errors "glib-2.0 >= 2.10.0 gobject-2.0  >= 2.10.0"
configure:19850: $? = 0
configure:19888: result: yes
configure:19989: checking whether to build with debugging support
configure:20024: result: minimum
configure:20036: checking if gcc supports -Wall
configure:20044: gcc -c -g -O2 -Wall  -DNDEBUG conftest.c >&5
configure:20044: $? = 0
configure:20052: result: yes
configure:20036: checking if gcc supports -Wextra
configure:20044: gcc -c -g -O2 -Wextra  -DNDEBUG conftest.c >&5
configure:20044: $? = 0
configure:20052: result: yes
configure:20036: checking if gcc supports -Wno-missing-field-initializers
configure:20044: gcc -c -g -O2 -Wno-missing-field-initializers  -DNDEBUG conftest.c >&5
configure:20044: $? = 0
configure:20052: result: yes
configure:20036: checking if gcc supports -Wno-unused-parameter
configure:20044: gcc -c -g -O2 -Wno-unused-parameter  -DNDEBUG conftest.c >&5
configure:20044: $? = 0
configure:20052: result: yes
configure:20036: checking if gcc supports -Wmissing-declarations
configure:20044: gcc -c -g -O2 -Wmissing-declarations  -DNDEBUG conftest.c >&5
configure:20044: $? = 0
configure:20052: result: yes
configure:20036: checking if gcc supports -Wmissing-noreturn
configure:20044: gcc -c -g -O2 -Wmissing-noreturn  -DNDEBUG conftest.c >&5
configure:20044: $? = 0
configure:20052: result: yes
configure:20036: checking if gcc supports -Wpointer-arith
configure:20044: gcc -c -g -O2 -Wpointer-arith  -DNDEBUG conftest.c >&5
configure:20044: $? = 0
configure:20052: result: yes
configure:20036: checking if gcc supports -Wcast-align
configure:20044: gcc -c -g -O2 -Wcast-align  -DNDEBUG conftest.c >&5
configure:20044: $? = 0
configure:20052: result: yes
configure:20036: checking if gcc supports -Wformat
configure:20044: gcc -c -g -O2 -Wformat  -DNDEBUG conftest.c >&5
configure:20044: $? = 0
configure:20052: result: yes
configure:20036: checking if gcc supports -Wformat-security
configure:20044: gcc -c -g -O2 -Wformat-security  -DNDEBUG conftest.c >&5
configure:20044: $? = 0
configure:20052: result: yes
configure:20036: checking if gcc supports -Wformat-y2k
configure:20044: gcc -c -g -O2 -Wformat-y2k  -DNDEBUG conftest.c >&5
configure:20044: $? = 0
configure:20052: result: yes
configure:20036: checking if gcc supports -Winit-self
configure:20044: gcc -c -g -O2 -Winit-self  -DNDEBUG conftest.c >&5
configure:20044: $? = 0
configure:20052: result: yes
configure:20036: checking if gcc supports -Wmissing-include-dirs
configure:20044: gcc -c -g -O2 -Wmissing-include-dirs  -DNDEBUG conftest.c >&5
configure:20044: $? = 0
configure:20052: result: yes
configure:20036: checking if gcc supports -Wundef
configure:20044: gcc -c -g -O2 -Wundef  -DNDEBUG conftest.c >&5
configure:20044: $? = 0
configure:20052: result: yes
configure:20036: checking if gcc supports -Wredundant-decls
configure:20044: gcc -c -g -O2 -Wredundant-decls  -DNDEBUG conftest.c >&5
configure:20044: $? = 0
configure:20052: result: yes
configure:20036: checking if gcc supports -Wshadow
configure:20044: gcc -c -g -O2 -Wshadow  -DNDEBUG conftest.c >&5
configure:20044: $? = 0
configure:20052: result: yes
configure:20036: checking if gcc supports -Wnested-externs
configure:20044: gcc -c -g -O2 -Wnested-externs  -DNDEBUG conftest.c >&5
configure:20044: $? = 0
configure:20052: result: yes
configure:20036: checking if gcc supports -Wold-style-definition
configure:20044: gcc -c -g -O2 -Wold-style-definition  -DNDEBUG conftest.c >&5
configure:20044: $? = 0
configure:20052: result: yes
configure:20062: checking if gcc supports -Wall
configure:20070: gcc -c -g -O2 -Wall  -DNDEBUG conftest.c >&5
configure:20070: $? = 0
configure:20078: result: yes
configure:20062: checking if gcc supports -Wextra
configure:20070: gcc -c -g -O2 -Wextra  -DNDEBUG conftest.c >&5
configure:20070: $? = 0
configure:20078: result: yes
configure:20062: checking if gcc supports -Wno-missing-field-initializers
configure:20070: gcc -c -g -O2 -Wno-missing-field-initializers  -DNDEBUG conftest.c >&5
configure:20070: $? = 0
configure:20078: result: yes
configure:20062: checking if gcc supports -Wno-unused-parameter
configure:20070: gcc -c -g -O2 -Wno-unused-parameter  -DNDEBUG conftest.c >&5
configure:20070: $? = 0
configure:20078: result: yes
configure:20062: checking if gcc supports -Wmissing-declarations
configure:20070: gcc -c -g -O2 -Wmissing-declarations  -DNDEBUG conftest.c >&5
configure:20070: $? = 0
configure:20078: result: yes
configure:20062: checking if gcc supports -Wmissing-noreturn
configure:20070: gcc -c -g -O2 -Wmissing-noreturn  -DNDEBUG conftest.c >&5
configure:20070: $? = 0
configure:20078: result: yes
configure:20062: checking if gcc supports -Wpointer-arith
configure:20070: gcc -c -g -O2 -Wpointer-arith  -DNDEBUG conftest.c >&5
configure:20070: $? = 0
configure:20078: result: yes
configure:20062: checking if gcc supports -Wcast-align
configure:20070: gcc -c -g -O2 -Wcast-align  -DNDEBUG conftest.c >&5
configure:20070: $? = 0
configure:20078: result: yes
configure:20062: checking if gcc supports -Wformat
configure:20070: gcc -c -g -O2 -Wformat  -DNDEBUG conftest.c >&5
configure:20070: $? = 0
configure:20078: result: yes
configure:20062: checking if gcc supports -Wformat-security
configure:20070: gcc -c -g -O2 -Wformat-security  -DNDEBUG conftest.c >&5
configure:20070: $? = 0
configure:20078: result: yes
configure:20062: checking if gcc supports -Wformat-y2k
configure:20070: gcc -c -g -O2 -Wformat-y2k  -DNDEBUG conftest.c >&5
configure:20070: $? = 0
configure:20078: result: yes
configure:20062: checking if gcc supports -Winit-self
configure:20070: gcc -c -g -O2 -Winit-self  -DNDEBUG conftest.c >&5
configure:20070: $? = 0
configure:20078: result: yes
configure:20062: checking if gcc supports -Wmissing-include-dirs
configure:20070: gcc -c -g -O2 -Wmissing-include-dirs  -DNDEBUG conftest.c >&5
configure:20070: $? = 0
configure:20078: result: yes
configure:20062: checking if gcc supports -Wundef
configure:20070: gcc -c -g -O2 -Wundef  -DNDEBUG conftest.c >&5
configure:20070: $? = 0
configure:20078: result: yes
configure:20062: checking if gcc supports -Wredundant-decls
configure:20070: gcc -c -g -O2 -Wredundant-decls  -DNDEBUG conftest.c >&5
configure:20070: $? = 0
configure:20078: result: yes
configure:20062: checking if gcc supports -Wshadow
configure:20070: gcc -c -g -O2 -Wshadow  -DNDEBUG conftest.c >&5
configure:20070: $? = 0
configure:20078: result: yes
configure:20103: checking whether /usr/bin/ld -m elf_x86_64 accepts --as-needed
configure:20108: result: yes
configure:20117: checking whether /usr/bin/ld -m elf_x86_64 accepts -O1
configure:20122: result: yes
configure:20145: checking whether gcc supports the GNUC visibility attribute
configure:20159: gcc -c -g -O2  -Wall -Wextra -Wno-missing-field-initializers -Wno-unused-parameter -Wmissing-declarations -Wmissing-noreturn -Wpointer-arith -Wcast-align -Wformat -Wformat-security -Wformat-y2k -Winit-self -Wmissing-include-dirs -Wundef -Wredundant-decls -Wshadow -Wnested-externs -Wold-style-definition -Wall -Werror  -DNDEBUG conftest.c >&5
configure:20159: $? = 0
configure:20163: result: yes
configure:20189: checking if gcc supports -Wno-sign-compare
configure:20197: gcc -c -g -O2  -Wall -Wextra -Wno-missing-field-initializers -Wno-unused-parameter -Wmissing-declarations -Wmissing-noreturn -Wpointer-arith -Wcast-align -Wformat -Wformat-security -Wformat-y2k -Winit-self -Wmissing-include-dirs -Wundef -Wredundant-decls -Wshadow -Wnested-externs -Wold-style-definition -Wno-sign-compare  -DNDEBUG -DHAVE_GNUC_VISIBILITY conftest.c >&5
configure:20197: $? = 0
configure:20205: result: yes
configure:20215: checking PLATFORM_CPPFLAGS
configure:20217: result: 
configure:20220: checking PLATFORM_CFLAGS
configure:20222: result: 
configure:20225: checking PLATFORM_LDFLAGS
configure:20227: result: 
configure:20334: checking that generated files are newer than configure
configure:20340: result: done
configure:20419: creating ./config.status

## ---------------------- ##
## Running config.status. ##
## ---------------------- ##

This file was extended by xfce4-panel config.status 4.18.4, which was
generated by GNU Autoconf 2.71.  Invocation command line was

  CONFIG_FILES    = 
  CONFIG_HEADERS  = 
  CONFIG_LINKS    = 
  CONFIG_COMMANDS = 
  $ ./config.status 

on juliano-IdeaPad-3-15ALC6

config.status:1384: creating Makefile
config.status:1384: creating common/Makefile
config.status:1384: creating docs/Makefile
config.status:1384: creating docs/reference/Makefile
config.status:1384: creating icons/Makefile
config.status:1384: creating icons/16x16/Makefile
config.status:1384: creating icons/24x24/Makefile
config.status:1384: creating icons/32x32/Makefile
config.status:1384: creating icons/48x48/Makefile
config.status:1384: creating icons/64x64/Makefile
config.status:1384: creating icons/96x96/Makefile
config.status:1384: creating icons/128x128/Makefile
config.status:1384: creating icons/scalable/Makefile
config.status:1384: creating libxfce4panel/Makefile
config.status:1384: creating libxfce4panel/libxfce4panel-2.0.pc
config.status:1384: creating libxfce4panel/libxfce4panel-config.h
config.status:1384: creating migrate/Makefile
config.status:1384: creating migrate/default.xml
config.status:1384: creating panel/Makefile
config.status:1384: creating wrapper/Makefile
config.status:1384: creating plugins/Makefile
config.status:1384: creating plugins/actions/Makefile
config.status:1384: creating plugins/actions/actions.desktop.in
config.status:1384: creating plugins/applicationsmenu/Makefile
config.status:1384: creating plugins/applicationsmenu/applicationsmenu.desktop.in
config.status:1384: creating plugins/clock/Makefile
config.status:1384: creating plugins/clock/clock.desktop.in
config.status:1384: creating plugins/directorymenu/Makefile
config.status:1384: creating plugins/directorymenu/directorymenu.desktop.in
config.status:1384: creating plugins/launcher/Makefile
config.status:1384: creating plugins/launcher/launcher.desktop.in
config.status:1384: creating plugins/pager/Makefile
config.status:1384: creating plugins/pager/pager.desktop.in
config.status:1384: creating plugins/separator/Makefile
config.status:1384: creating plugins/separator/separator.desktop.in
config.status:1384: creating plugins/showdesktop/Makefile
config.status:1384: creating plugins/showdesktop/showdesktop.desktop.in
config.status:1384: creating plugins/systray/Makefile
config.status:1384: creating plugins/systray/systray.desktop.in
config.status:1384: creating plugins/tasklist/Makefile
config.status:1384: creating plugins/tasklist/tasklist.desktop.in
config.status:1384: creating plugins/windowmenu/Makefile
config.status:1384: creating plugins/windowmenu/windowmenu.desktop.in
config.status:1384: creating po/Makefile.in
config.status:1384: creating config.h
config.status:1565: config.h is unchanged
config.status:1613: executing depfiles commands
config.status:1690: cd common       && sed -e '/# am--include-marker/d' Makefile         | gmake -f - am--depfiles
gmake: Nothing to be done for 'am--depfiles'.
config.status:1695: $? = 0
config.status:1690: cd libxfce4panel       && sed -e '/# am--include-marker/d' Makefile         | gmake -f - am--depfiles
gmake: Nothing to be done for 'am--depfiles'.
config.status:1695: $? = 0
config.status:1690: cd migrate       && sed -e '/# am--include-marker/d' Makefile         | gmake -f - am--depfiles
gmake: Nothing to be done for 'am--depfiles'.
config.status:1695: $? = 0
config.status:1690: cd panel       && sed -e '/# am--include-marker/d' Makefile         | gmake -f - am--depfiles
gmake: Nothing to be done for 'am--depfiles'.
config.status:1695: $? = 0
config.status:1690: cd wrapper       && sed -e '/# am--include-marker/d' Makefile         | gmake -f - am--depfiles
gmake: Nothing to be done for 'am--depfiles'.
config.status:1695: $? = 0
config.status:1690: cd plugins/actions       && sed -e '/# am--include-marker/d' Makefile         | gmake -f - am--depfiles
gmake: Nothing to be done for 'am--depfiles'.
config.status:1695: $? = 0
config.status:1690: cd plugins/applicationsmenu       && sed -e '/# am--include-marker/d' Makefile         | gmake -f - am--depfiles
gmake: Nothing to be done for 'am--depfiles'.
config.status:1695: $? = 0
config.status:1690: cd plugins/clock       && sed -e '/# am--include-marker/d' Makefile         | gmake -f - am--depfiles
gmake: Nothing to be done for 'am--depfiles'.
config.status:1695: $? = 0
config.status:1690: cd plugins/directorymenu       && sed -e '/# am--include-marker/d' Makefile         | gmake -f - am--depfiles
gmake: Nothing to be done for 'am--depfiles'.
config.status:1695: $? = 0
config.status:1690: cd plugins/launcher       && sed -e '/# am--include-marker/d' Makefile         | gmake -f - am--depfiles
gmake: Nothing to be done for 'am--depfiles'.
config.status:1695: $? = 0
config.status:1690: cd plugins/pager       && sed -e '/# am--include-marker/d' Makefile         | gmake -f - am--depfiles
gmake: Nothing to be done for 'am--depfiles'.
config.status:1695: $? = 0
config.status:1690: cd plugins/separator       && sed -e '/# am--include-marker/d' Makefile         | gmake -f - am--depfiles
gmake: Nothing to be done for 'am--depfiles'.
config.status:1695: $? = 0
config.status:1690: cd plugins/showdesktop       && sed -e '/# am--include-marker/d' Makefile         | gmake -f - am--depfiles
gmake: Nothing to be done for 'am--depfiles'.
config.status:1695: $? = 0
config.status:1690: cd plugins/systray       && sed -e '/# am--include-marker/d' Makefile         | gmake -f - am--depfiles
gmake: Nothing to be done for 'am--depfiles'.
config.status:1695: $? = 0
config.status:1690: cd plugins/tasklist       && sed -e '/# am--include-marker/d' Makefile         | gmake -f - am--depfiles
gmake: Nothing to be done for 'am--depfiles'.
config.status:1695: $? = 0
config.status:1690: cd plugins/windowmenu       && sed -e '/# am--include-marker/d' Makefile         | gmake -f - am--depfiles
gmake: Nothing to be done for 'am--depfiles'.
config.status:1695: $? = 0
config.status:1613: executing libtool commands
config.status:1613: executing po/stamp-it commands

## ---------------- ##
## Cache variables. ##
## ---------------- ##

ac_cv_build=x86_64-pc-linux-gnu
ac_cv_c_compiler_gnu=yes
ac_cv_env_CC_set=
ac_cv_env_CC_value=
ac_cv_env_CFLAGS_set=
ac_cv_env_CFLAGS_value=
ac_cv_env_CPPFLAGS_set=
ac_cv_env_CPPFLAGS_value=
ac_cv_env_CPP_set=
ac_cv_env_CPP_value=
ac_cv_env_GDBUS_CODEGEN_set=
ac_cv_env_GDBUS_CODEGEN_value=
ac_cv_env_GIO_UNIX_CFLAGS_set=
ac_cv_env_GIO_UNIX_CFLAGS_value=
ac_cv_env_GIO_UNIX_LIBS_set=
ac_cv_env_GIO_UNIX_LIBS_value=
ac_cv_env_GTKDOC_DEPS_CFLAGS_set=
ac_cv_env_GTKDOC_DEPS_CFLAGS_value=
ac_cv_env_GTKDOC_DEPS_LIBS_set=
ac_cv_env_GTKDOC_DEPS_LIBS_value=
ac_cv_env_LDFLAGS_set=
ac_cv_env_LDFLAGS_value=
ac_cv_env_LIBS_set=
ac_cv_env_LIBS_value=
ac_cv_env_LT_SYS_LIBRARY_PATH_set=
ac_cv_env_LT_SYS_LIBRARY_PATH_value=
ac_cv_env_PKG_CONFIG_LIBDIR_set=
ac_cv_env_PKG_CONFIG_LIBDIR_value=
ac_cv_env_PKG_CONFIG_PATH_set=
ac_cv_env_PKG_CONFIG_PATH_value=
ac_cv_env_PKG_CONFIG_set=
ac_cv_env_PKG_CONFIG_value=
ac_cv_env_XMKMF_set=
ac_cv_env_XMKMF_value=
ac_cv_env_build_alias_set=
ac_cv_env_build_alias_value=
ac_cv_env_host_alias_set=
ac_cv_env_host_alias_value=
ac_cv_env_target_alias_set=
ac_cv_env_target_alias_value=
ac_cv_func_bind_textdomain_codeset=yes
ac_cv_func_connect=yes
ac_cv_func_gethostbyname=yes
ac_cv_func_remove=yes
ac_cv_func_shmat=yes
ac_cv_have_x='have_x=yes	ac_x_includes='\'''\''	ac_x_libraries='\'''\'''
ac_cv_header_dlfcn_h=yes
ac_cv_header_errno_h=yes
ac_cv_header_inttypes_h=yes
ac_cv_header_libintl_h=yes
ac_cv_header_locale_h=yes
ac_cv_header_math_h=yes
ac_cv_header_memory_h=yes
ac_cv_header_minix_config_h=no
ac_cv_header_signal_h=yes
ac_cv_header_stdint_h=yes
ac_cv_header_stdio_h=yes
ac_cv_header_stdlib_h=yes
ac_cv_header_string_h=yes
ac_cv_header_strings_h=yes
ac_cv_header_sys_prctl_h=yes
ac_cv_header_sys_stat_h=yes
ac_cv_header_sys_types_h=yes
ac_cv_header_sys_wait_h=yes
ac_cv_header_time_h=yes
ac_cv_header_unistd_h=yes
ac_cv_header_wchar_h=yes
ac_cv_host=x86_64-pc-linux-gnu
ac_cv_lib_ICE_IceConnectionNumber=yes
ac_cv_lib_X11_main=yes
ac_cv_objext=o
ac_cv_path_EGREP='/usr/bin/grep -E'
ac_cv_path_FGREP='/usr/bin/grep -F'
ac_cv_path_GDBUS_CODEGEN=/usr/bin/gdbus-codegen
ac_cv_path_GMSGFMT=/usr/bin/msgfmt
ac_cv_path_GREP=/usr/bin/grep
ac_cv_path_GTKDOC_CHECK_PATH=/usr/bin/gtkdoc-check
ac_cv_path_GTKDOC_MKPDF=/usr/bin/gtkdoc-mkpdf
ac_cv_path_GTKDOC_REBASE=/usr/bin/gtkdoc-rebase
ac_cv_path_INTLTOOL_EXTRACT=/usr/bin/intltool-extract
ac_cv_path_INTLTOOL_MERGE=/usr/bin/intltool-merge
ac_cv_path_INTLTOOL_PERL=/usr/bin/perl
ac_cv_path_INTLTOOL_UPDATE=/usr/bin/intltool-update
ac_cv_path_MSGFMT=/usr/bin/msgfmt
ac_cv_path_MSGMERGE=/usr/bin/msgmerge
ac_cv_path_SED=/usr/bin/sed
ac_cv_path_XGETTEXT=/usr/bin/xgettext
ac_cv_path_ac_pt_PKG_CONFIG=/usr/bin/pkg-config
ac_cv_path_install='/usr/bin/install -c'
ac_cv_path_lt_DD=/usr/bin/dd
ac_cv_path_mkdir=/usr/bin/mkdir
ac_cv_prog_AWK=mawk
ac_cv_prog_CPP='gcc -E'
ac_cv_prog_GTKDOC_CHECK=gtkdoc-check.test
ac_cv_prog_PERL=perl
ac_cv_prog_ac_ct_AR=ar
ac_cv_prog_ac_ct_CC=gcc
ac_cv_prog_ac_ct_FILECMD=file
ac_cv_prog_ac_ct_MANIFEST_TOOL=mt
ac_cv_prog_ac_ct_OBJDUMP=objdump
ac_cv_prog_ac_ct_RANLIB=ranlib
ac_cv_prog_ac_ct_STRIP=strip
ac_cv_prog_cc_c11=
ac_cv_prog_cc_g=yes
ac_cv_prog_cc_stdc=
ac_cv_prog_make_gmake_set=yes
ac_cv_safe_to_define___extensions__=yes
ac_cv_should_define__xopen_source=no
am_cv_CC_dependencies_compiler_type=gcc3
am_cv_make_support_nested_variables=yes
am_cv_prog_cc_c_o=yes
am_cv_prog_tar_ustar=gnutar
lt_cv_ar_at_file=@
lt_cv_archive_cmds_need_lc=no
lt_cv_deplibs_check_method=pass_all
lt_cv_file_magic_cmd='$MAGIC_CMD'
lt_cv_file_magic_test_file=
lt_cv_ld_reload_flag=-r
lt_cv_nm_interface='BSD nm'
lt_cv_objdir=.libs
lt_cv_path_LD=/usr/bin/ld
lt_cv_path_NM='/usr/bin/nm -B'
lt_cv_path_mainfest_tool=no
lt_cv_prog_compiler_c_o=yes
lt_cv_prog_compiler_pic='-fPIC -DPIC'
lt_cv_prog_compiler_pic_works=yes
lt_cv_prog_compiler_rtti_exceptions=no
lt_cv_prog_compiler_static_works=yes
lt_cv_prog_gnu_ld=yes
lt_cv_sharedlib_from_linklib_cmd='printf %s\n'
lt_cv_shlibpath_overrides_runpath=yes
lt_cv_sys_global_symbol_pipe='/usr/bin/sed -n -e '\''s/^.*[	 ]\([ABCDGIRSTW][ABCDGIRSTW]*\)[	 ][	 ]*\([_A-Za-z][_A-Za-z0-9]*\)$/\1 \2 \2/p'\'' | /usr/bin/sed '\''/ __gnu_lto/d'\'''
lt_cv_sys_global_symbol_to_c_name_address='/usr/bin/sed -n -e '\''s/^: \(.*\) .*$/  {"\1", (void *) 0},/p'\'' -e '\''s/^[ABCDGIRSTW][ABCDGIRSTW]* .* \(.*\)$/  {"\1", (void *) \&\1},/p'\'''
lt_cv_sys_global_symbol_to_c_name_address_lib_prefix='/usr/bin/sed -n -e '\''s/^: \(.*\) .*$/  {"\1", (void *) 0},/p'\'' -e '\''s/^[ABCDGIRSTW][ABCDGIRSTW]* .* \(lib.*\)$/  {"\1", (void *) \&\1},/p'\'' -e '\''s/^[ABCDGIRSTW][ABCDGIRSTW]* .* \(.*\)$/  {"lib\1", (void *) \&\1},/p'\'''
lt_cv_sys_global_symbol_to_cdecl='/usr/bin/sed -n -e '\''s/^T .* \(.*\)$/extern int \1();/p'\'' -e '\''s/^[ABCDGIRSTW][ABCDGIRSTW]* .* \(.*\)$/extern char \1;/p'\'''
lt_cv_sys_global_symbol_to_import=
lt_cv_sys_max_cmd_len=1572864
lt_cv_to_host_file_cmd=func_convert_file_noop
lt_cv_to_tool_file_cmd=func_convert_file_noop
lt_cv_truncate_bin='/usr/bin/dd bs=4096 count=1'
pkg_cv_GIO_UNIX_CFLAGS='-I/usr/include/gio-unix-2.0 -I/usr/include/glib-2.0 -I/usr/lib/x86_64-linux-gnu/glib-2.0/include -pthread -I/usr/include/libmount -I/usr/include/blkid '
pkg_cv_GIO_UNIX_LIBS='-lgio-2.0 -lgobject-2.0 -lglib-2.0 '
pkg_cv_GTKDOC_DEPS_CFLAGS='-I/usr/include/glib-2.0 -I/usr/lib/x86_64-linux-gnu/glib-2.0/include '
pkg_cv_GTKDOC_DEPS_LIBS='-lgobject-2.0 -lglib-2.0 '
xdt_cv_DBUSMENU_check=yes
xdt_cv_GIO_UNIX_check=yes
xdt_cv_PKG_CONFIG_MIN_VERSION=0.9.0
xdt_cv_additional_CFLAGS='-Wall -Wextra                                   -Wno-missing-field-initializers                                   -Wno-unused-parameter                                   -Wmissing-declarations                                   -Wmissing-noreturn -Wpointer-arith                                   -Wcast-align -Wformat -Wformat-security -Wformat-y2k                                   -Winit-self -Wmissing-include-dirs -Wundef                                   -Wredundant-decls -Wshadow                             -Wnested-externs                             -Wold-style-definition'
xdt_cv_additional_COMMON_FLAGS='-Wall -Wextra                                   -Wno-missing-field-initializers                                   -Wno-unused-parameter                                   -Wmissing-declarations                                   -Wmissing-noreturn -Wpointer-arith                                   -Wcast-align -Wformat -Wformat-security -Wformat-y2k                                   -Winit-self -Wmissing-include-dirs -Wundef                                   -Wredundant-decls -Wshadow'
xdt_cv_additional_CXXFLAGS='-Wall -Wextra                                   -Wno-missing-field-initializers                                   -Wno-unused-parameter                                   -Wmissing-declarations                                   -Wmissing-noreturn -Wpointer-arith                                   -Wcast-align -Wformat -Wformat-security -Wformat-y2k                                   -Winit-self -Wmissing-include-dirs -Wundef                                   -Wredundant-decls -Wshadow'

## ----------------- ##
## Output variables. ##
## ----------------- ##

ACLOCAL='${SHELL} '\''/home/juliano/xfce-panel-custom/xfce4-panel/missing'\'' aclocal-1.16'
ALL_LINGUAS='am ar ast be bg bn ca cs da de el en_AU en_GB eo es et eu fi fr gl he hr hu hy_AM hye id ie is it ja ka kk ko lt lv ms nb nl nn oc pa pl pt pt_BR ro ru si sk sl sq sr sv te th tr ug uk ur ur_PK vi zh_CN zh_HK zh_TW'
AMDEPBACKSLASH='\'
AMDEP_FALSE='#'
AMDEP_TRUE=''
AMTAR='$${TAR-tar}'
AM_BACKSLASH='\'
AM_DEFAULT_V='$(AM_DEFAULT_VERBOSITY)'
AM_DEFAULT_VERBOSITY='0'
AM_V='$(V)'
AR='ar'
AUTOCONF='${SHELL} '\''/home/juliano/xfce-panel-custom/xfce4-panel/missing'\'' autoconf'
AUTOHEADER='${SHELL} '\''/home/juliano/xfce-panel-custom/xfce4-panel/missing'\'' autoheader'
AUTOMAKE='${SHELL} '\''/home/juliano/xfce-panel-custom/xfce4-panel/missing'\'' automake-1.16'
AWK='mawk'
CAIRO_CFLAGS='-I/usr/include/cairo -I/usr/include/libpng16 -I/usr/include/freetype2 -I/usr/include/pixman-1 '
CAIRO_LIBS='-lcairo '
CAIRO_REQUIRED_VERSION='1.16.0'
CAIRO_VERSION='1.18.0'
CC='gcc'
CCDEPMODE='depmode=gcc3'
CFLAGS='-g -O2  -Wall -Wextra -Wno-missing-field-initializers -Wno-unused-parameter -Wmissing-declarations -Wmissing-noreturn -Wpointer-arith -Wcast-align -Wformat -Wformat-security -Wformat-y2k -Winit-self -Wmissing-include-dirs -Wundef -Wredundant-decls -Wshadow -Wnested-externs -Wold-style-definition'
CPP='gcc -E'
CPPFLAGS=' -DNDEBUG -DHAVE_GNUC_VISIBILITY'
CSCOPE='cscope'
CTAGS='ctags'
CYGPATH_W='echo'
DBUSMENU_CFLAGS='-I/usr/include/libdbusmenu-gtk3-0.4 -I/usr/include/libdbusmenu-glib-0.4 -I/usr/include/gdk-pixbuf-2.0 -I/usr/include/glib-2.0 -I/usr/lib/x86_64-linux-gnu/glib-2.0/include -I/usr/include/libpng16 -I/usr/include/x86_64-linux-gnu -I/usr/include/webp -I/usr/include/libmount -I/usr/include/blkid -I/usr/include/gtk-3.0 -I/usr/include/pango-1.0 -I/usr/include/harfbuzz -I/usr/include/freetype2 -I/usr/include/fribidi -I/usr/include/cairo -I/usr/include/pixman-1 -I/usr/include/gio-unix-2.0 -I/usr/include/atk-1.0 -I/usr/include/at-spi2-atk/2.0 -I/usr/include/at-spi-2.0 -I/usr/include/dbus-1.0 -I/usr/lib/x86_64-linux-gnu/dbus-1.0/include -pthread '
DBUSMENU_LIBS='-ldbusmenu-gtk3 -ldbusmenu-glib -lgtk-3 -lgdk-3 -lz -lpangocairo-1.0 -lpango-1.0 -lharfbuzz -latk-1.0 -lcairo-gobject -lcairo -lgdk_pixbuf-2.0 -lgio-2.0 -lgobject-2.0 -lglib-2.0 '
DBUSMENU_REQUIRED_VERSION='16.04.0'
DBUSMENU_VERSION='16.04.0'
DEFS='-DHAVE_CONFIG_H'
DEPDIR='.deps'
DLLTOOL='false'
DSYMUTIL=''
DUMPBIN=''
ECHO_C=''
ECHO_N='-n'
ECHO_T=''
EGREP='/usr/bin/grep -E'
ENABLE_GTK_DOC_FALSE=''
ENABLE_GTK_DOC_TRUE='#'
ENABLE_VAPIGEN_FALSE=''
ENABLE_VAPIGEN_TRUE='#'
ETAGS='etags'
EXEEXT=''
EXO_CFLAGS='-I/usr/include/exo-2 -I/usr/include/gtk-3.0 -I/usr/include/pango-1.0 -I/usr/include/glib-2.0 -I/usr/lib/x86_64-linux-gnu/glib-2.0/include -I/usr/include/harfbuzz -I/usr/include/freetype2 -I/usr/include/libpng16 -I/usr/include/libmount -I/usr/include/blkid -I/usr/include/fribidi -I/usr/include/cairo -I/usr/include/pixman-1 -I/usr/include/gdk-pixbuf-2.0 -I/usr/include/x86_64-linux-gnu -I/usr/include/webp -I/usr/include/gio-unix-2.0 -I/usr/include/atk-1.0 -I/usr/include/at-spi2-atk/2.0 -I/usr/include/at-spi-2.0 -I/usr/include/dbus-1.0 -I/usr/lib/x86_64-linux-gnu/dbus-1.0/include -pthread -I/usr/include/xfce4 '
EXO_LIBS='-lexo-2 -lgtk-3 -lgdk-3 -lz -lpangocairo-1.0 -lpango-1.0 -lharfbuzz -latk-1.0 -lcairo-gobject -lcairo -lgdk_pixbuf-2.0 -lgio-2.0 -lgobject-2.0 -lxfce4util -lglib-2.0 '
EXO_REQUIRED_VERSION='0.11.2'
EXO_VERSION='4.18.0'
FGREP='/usr/bin/grep -F'
FILECMD='file'
GARCON_CFLAGS='-I/usr/include/garcon-1 -I/usr/include/glib-2.0 -I/usr/lib/x86_64-linux-gnu/glib-2.0/include -I/usr/include/libmount -I/usr/include/blkid -pthread '
GARCON_GTK3_CFLAGS='-I/usr/include/garcon-gtk3-1 -I/usr/include/garcon-1 -I/usr/include/glib-2.0 -I/usr/lib/x86_64-linux-gnu/glib-2.0/include -I/usr/include/libmount -I/usr/include/blkid -I/usr/include/gtk-3.0 -I/usr/include/pango-1.0 -I/usr/include/harfbuzz -I/usr/include/freetype2 -I/usr/include/libpng16 -I/usr/include/fribidi -I/usr/include/cairo -I/usr/include/pixman-1 -I/usr/include/gdk-pixbuf-2.0 -I/usr/include/x86_64-linux-gnu -I/usr/include/webp -I/usr/include/gio-unix-2.0 -I/usr/include/atk-1.0 -I/usr/include/at-spi2-atk/2.0 -I/usr/include/at-spi-2.0 -I/usr/include/dbus-1.0 -I/usr/lib/x86_64-linux-gnu/dbus-1.0/include -I/usr/include/xfce4/libxfce4ui-2 -pthread -I/usr/include/xfce4 '
GARCON_GTK3_LIBS='-lgarcon-gtk3-1 -lgarcon-1 -lgthread-2.0 -pthread -lglib-2.0 -lxfce4ui-2 -lgtk-3 -lgdk-3 -lz -lpangocairo-1.0 -lpango-1.0 -lharfbuzz -latk-1.0 -lcairo-gobject -lcairo -lgdk_pixbuf-2.0 -lgio-2.0 -lgobject-2.0 -lxfce4util -lglib-2.0 '
GARCON_GTK3_REQUIRED_VERSION='4.17.0'
GARCON_GTK3_VERSION='4.18.1'
GARCON_LIBS='-lgarcon-1 -lgio-2.0 -lgthread-2.0 -pthread -lglib-2.0 -lgobject-2.0 -lglib-2.0 '
GARCON_REQUIRED_VERSION='4.17.0'
GARCON_VERSION='4.18.1'
GDBUS_CODEGEN='/usr/bin/gdbus-codegen'
GETTEXT_PACKAGE='xfce4-panel'
GIO_CFLAGS='-I/usr/include/glib-2.0 -I/usr/lib/x86_64-linux-gnu/glib-2.0/include -pthread -I/usr/include/libmount -I/usr/include/blkid '
GIO_LIBS='-lgio-2.0 -lgobject-2.0 -lglib-2.0 '
GIO_REQUIRED_VERSION='2.66.0'
GIO_UNIX_CFLAGS='-I/usr/include/gio-unix-2.0 -I/usr/include/glib-2.0 -I/usr/lib/x86_64-linux-gnu/glib-2.0/include -pthread -I/usr/include/libmount -I/usr/include/blkid '
GIO_UNIX_LIBS='-lgio-2.0 -lgobject-2.0 -lglib-2.0 '
GIO_UNIX_REQUIRED_VERSION='2.66.0'
GIO_UNIX_VERSION='2.80.0'
GIO_VERSION='2.80.0'
GLIB_CFLAGS='-I/usr/include/glib-2.0 -I/usr/lib/x86_64-linux-gnu/glib-2.0/include '
GLIB_LIBS='-lglib-2.0 '
GLIB_REQUIRED_VERSION='2.66.0'
GLIB_VERSION='2.80.0'
GMODULE_CFLAGS='-pthread -I/usr/include/glib-2.0 -I/usr/lib/x86_64-linux-gnu/glib-2.0/include '
GMODULE_LIBS='-Wl,--export-dynamic -lgmodule-2.0 -pthread -lglib-2.0 -lglib-2.0 '
GMODULE_REQUIRED_VERSION='2.66.0'
GMODULE_VERSION='2.80.0'
GMSGFMT='/usr/bin/msgfmt'
GREP='/usr/bin/grep'
GTKDOC_CHECK='gtkdoc-check.test'
GTKDOC_CHECK_PATH='/usr/bin/gtkdoc-check'
GTKDOC_DEPS_CFLAGS='-I/usr/include/glib-2.0 -I/usr/lib/x86_64-linux-gnu/glib-2.0/include '
GTKDOC_DEPS_LIBS='-lgobject-2.0 -lglib-2.0 '
GTKDOC_MKPDF='/usr/bin/gtkdoc-mkpdf'
GTKDOC_REBASE='/usr/bin/gtkdoc-rebase'
GTK_CFLAGS='-I/usr/include/gtk-3.0 -I/usr/include/pango-1.0 -I/usr/include/glib-2.0 -I/usr/lib/x86_64-linux-gnu/glib-2.0/include -I/usr/include/harfbuzz -I/usr/include/freetype2 -I/usr/include/libpng16 -I/usr/include/libmount -I/usr/include/blkid -I/usr/include/fribidi -I/usr/include/cairo -I/usr/include/pixman-1 -I/usr/include/gdk-pixbuf-2.0 -I/usr/include/x86_64-linux-gnu -I/usr/include/webp -I/usr/include/gio-unix-2.0 -I/usr/include/atk-1.0 -I/usr/include/at-spi2-atk/2.0 -I/usr/include/at-spi-2.0 -I/usr/include/dbus-1.0 -I/usr/lib/x86_64-linux-gnu/dbus-1.0/include -pthread '
GTK_DOC_BUILD_HTML_FALSE='#'
GTK_DOC_BUILD_HTML_TRUE=''
GTK_DOC_BUILD_PDF_FALSE=''
GTK_DOC_BUILD_PDF_TRUE='#'
GTK_DOC_EXTRA_CFLAGS=' -Wno-sign-compare'
GTK_DOC_USE_LIBTOOL_FALSE='#'
GTK_DOC_USE_LIBTOOL_TRUE=''
GTK_DOC_USE_REBASE_FALSE='#'
GTK_DOC_USE_REBASE_TRUE=''
GTK_LIBS='-lgtk-3 -lgdk-3 -lz -lpangocairo-1.0 -lpango-1.0 -lharfbuzz -latk-1.0 -lcairo-gobject -lcairo -lgdk_pixbuf-2.0 -lgio-2.0 -lgobject-2.0 -lglib-2.0 '
GTK_REQUIRED_VERSION='3.24.0'
GTK_VERSION='3.24.41'
HAVE_DBUSMENU_FALSE='#'
HAVE_DBUSMENU_TRUE=''
HAVE_GIO_UNIX_FALSE='#'
HAVE_GIO_UNIX_TRUE=''
HAVE_GNUC_VISIBILITY_FALSE='#'
HAVE_GNUC_VISIBILITY_TRUE=''
HAVE_GTK_DOC_FALSE='#'
HAVE_GTK_DOC_TRUE=''
HAVE_INTROSPECTION_FALSE='#'
HAVE_INTROSPECTION_TRUE=''
HELPER_PATH_PREFIX='${exec_prefix}/lib'
HTML_DIR='${datadir}/gtk-doc/html'
INSTALL_DATA='${INSTALL} -m 644'
INSTALL_PROGRAM='${INSTALL}'
INSTALL_SCRIPT='${INSTALL}'
INSTALL_STRIP_PROGRAM='$(install_sh) -c -s'
INTLTOOL_CAVES_RULE='%.caves:     %.caves.in     $(INTLTOOL_MERGE) $(wildcard $(top_srcdir)/po/*.po) ; $(INTLTOOL_V_MERGE)LC_ALL=C $(INTLTOOL_MERGE) $(INTLTOOL_V_MERGE_OPTIONS) -d -u -c $(top_builddir)/po/.intltool-merge-cache $(top_srcdir)/po $< $@'
INTLTOOL_DESKTOP_RULE='%.desktop:   %.desktop.in   $(INTLTOOL_MERGE) $(wildcard $(top_srcdir)/po/*.po) ; $(INTLTOOL_V_MERGE)LC_ALL=C $(INTLTOOL_MERGE) $(INTLTOOL_V_MERGE_OPTIONS) -d -u -c $(top_builddir)/po/.intltool-merge-cache $(top_srcdir)/po $< $@'
INTLTOOL_DIRECTORY_RULE='%.directory: %.directory.in $(INTLTOOL_MERGE) $(wildcard $(top_srcdir)/po/*.po) ; $(INTLTOOL_V_MERGE)LC_ALL=C $(INTLTOOL_MERGE) $(INTLTOOL_V_MERGE_OPTIONS) -d -u -c $(top_builddir)/po/.intltool-merge-cache $(top_srcdir)/po $< $@'
INTLTOOL_EXTRACT='/usr/bin/intltool-extract'
INTLTOOL_KBD_RULE='%.kbd:       %.kbd.in       $(INTLTOOL_MERGE) $(wildcard $(top_srcdir)/po/*.po) ; $(INTLTOOL_V_MERGE)LC_ALL=C $(INTLTOOL_MERGE) $(INTLTOOL_V_MERGE_OPTIONS) -x -u -m -c $(top_builddir)/po/.intltool-merge-cache $(top_srcdir)/po $< $@'
INTLTOOL_KEYS_RULE='%.keys:      %.keys.in      $(INTLTOOL_MERGE) $(wildcard $(top_srcdir)/po/*.po) ; $(INTLTOOL_V_MERGE)LC_ALL=C $(INTLTOOL_MERGE) $(INTLTOOL_V_MERGE_OPTIONS) -k -u -c $(top_builddir)/po/.intltool-merge-cache $(top_srcdir)/po $< $@'
INTLTOOL_MERGE='/usr/bin/intltool-merge'
INTLTOOL_OAF_RULE='%.oaf:       %.oaf.in       $(INTLTOOL_MERGE) $(wildcard $(top_srcdir)/po/*.po) ; $(INTLTOOL_V_MERGE)LC_ALL=C $(INTLTOOL_MERGE) $(INTLTOOL_V_MERGE_OPTIONS) -o -p $(top_srcdir)/po $< $@'
INTLTOOL_PERL='/usr/bin/perl'
INTLTOOL_POLICY_RULE='%.policy:    %.policy.in    $(INTLTOOL_MERGE) $(wildcard $(top_srcdir)/po/*.po) ; $(INTLTOOL_V_MERGE)LC_ALL=C $(INTLTOOL_MERGE) $(INTLTOOL_V_MERGE_OPTIONS) -x -u -c $(top_builddir)/po/.intltool-merge-cache $(top_srcdir)/po $< $@'
INTLTOOL_PONG_RULE='%.pong:      %.pong.in      $(INTLTOOL_MERGE) $(wildcard $(top_srcdir)/po/*.po) ; $(INTLTOOL_V_MERGE)LC_ALL=C $(INTLTOOL_MERGE) $(INTLTOOL_V_MERGE_OPTIONS) -x -u -c $(top_builddir)/po/.intltool-merge-cache $(top_srcdir)/po $< $@'
INTLTOOL_PROP_RULE='%.prop:      %.prop.in      $(INTLTOOL_MERGE) $(wildcard $(top_srcdir)/po/*.po) ; $(INTLTOOL_V_MERGE)LC_ALL=C $(INTLTOOL_MERGE) $(INTLTOOL_V_MERGE_OPTIONS) -d -u -c $(top_builddir)/po/.intltool-merge-cache $(top_srcdir)/po $< $@'
INTLTOOL_SCHEMAS_RULE='%.schemas:   %.schemas.in   $(INTLTOOL_MERGE) $(wildcard $(top_srcdir)/po/*.po) ; $(INTLTOOL_V_MERGE)LC_ALL=C $(INTLTOOL_MERGE) $(INTLTOOL_V_MERGE_OPTIONS) -s -u -c $(top_builddir)/po/.intltool-merge-cache $(top_srcdir)/po $< $@'
INTLTOOL_SERVER_RULE='%.server:    %.server.in    $(INTLTOOL_MERGE) $(wildcard $(top_srcdir)/po/*.po) ; $(INTLTOOL_V_MERGE)LC_ALL=C $(INTLTOOL_MERGE) $(INTLTOOL_V_MERGE_OPTIONS) -o -u -c $(top_builddir)/po/.intltool-merge-cache $(top_srcdir)/po $< $@'
INTLTOOL_SERVICE_RULE='%.service: %.service.in   $(INTLTOOL_MERGE) $(wildcard $(top_srcdir)/po/*.po) ; $(INTLTOOL_V_MERGE)LC_ALL=C $(INTLTOOL_MERGE) $(INTLTOOL_V_MERGE_OPTIONS) -d -u -c $(top_builddir)/po/.intltool-merge-cache $(top_srcdir)/po $< $@'
INTLTOOL_SHEET_RULE='%.sheet:     %.sheet.in     $(INTLTOOL_MERGE) $(wildcard $(top_srcdir)/po/*.po) ; $(INTLTOOL_V_MERGE)LC_ALL=C $(INTLTOOL_MERGE) $(INTLTOOL_V_MERGE_OPTIONS) -x -u -c $(top_builddir)/po/.intltool-merge-cache $(top_srcdir)/po $< $@'
INTLTOOL_SOUNDLIST_RULE='%.soundlist: %.soundlist.in $(INTLTOOL_MERGE) $(wildcard $(top_srcdir)/po/*.po) ; $(INTLTOOL_V_MERGE)LC_ALL=C $(INTLTOOL_MERGE) $(INTLTOOL_V_MERGE_OPTIONS) -d -u -c $(top_builddir)/po/.intltool-merge-cache $(top_srcdir)/po $< $@'
INTLTOOL_THEME_RULE='%.theme:     %.theme.in     $(INTLTOOL_MERGE) $(wildcard $(top_srcdir)/po/*.po) ; $(INTLTOOL_V_MERGE)LC_ALL=C $(INTLTOOL_MERGE) $(INTLTOOL_V_MERGE_OPTIONS) -d -u -c $(top_builddir)/po/.intltool-merge-cache $(top_srcdir)/po $< $@'
INTLTOOL_UI_RULE='%.ui:        %.ui.in        $(INTLTOOL_MERGE) $(wildcard $(top_srcdir)/po/*.po) ; $(INTLTOOL_V_MERGE)LC_ALL=C $(INTLTOOL_MERGE) $(INTLTOOL_V_MERGE_OPTIONS) -x -u -c $(top_builddir)/po/.intltool-merge-cache $(top_srcdir)/po $< $@'
INTLTOOL_UPDATE='/usr/bin/intltool-update'
INTLTOOL_V_MERGE='$(INTLTOOL__v_MERGE_$(V))'
INTLTOOL_V_MERGE_OPTIONS='$(intltool__v_merge_options_$(V))'
INTLTOOL_XAM_RULE='%.xam:       %.xml.in       $(INTLTOOL_MERGE) $(wildcard $(top_srcdir)/po/*.po) ; $(INTLTOOL_V_MERGE)LC_ALL=C $(INTLTOOL_MERGE) $(INTLTOOL_V_MERGE_OPTIONS) -x -u -c $(top_builddir)/po/.intltool-merge-cache $(top_srcdir)/po $< $@'
INTLTOOL_XML_NOMERGE_RULE='%.xml:       %.xml.in       $(INTLTOOL_MERGE) ; $(INTLTOOL_V_MERGE)LC_ALL=C $(INTLTOOL_MERGE) $(INTLTOOL_V_MERGE_OPTIONS) -x -u --no-translations $< $@'
INTLTOOL_XML_RULE='%.xml:       %.xml.in       $(INTLTOOL_MERGE) $(wildcard $(top_srcdir)/po/*.po) ; $(INTLTOOL_V_MERGE)LC_ALL=C $(INTLTOOL_MERGE) $(INTLTOOL_V_MERGE_OPTIONS) -x -u -c $(top_builddir)/po/.intltool-merge-cache $(top_srcdir)/po $< $@'
INTLTOOL__v_MERGE_0='@echo "  ITMRG " $@;'
INTLTOOL__v_MERGE_='$(INTLTOOL__v_MERGE_$(AM_DEFAULT_VERBOSITY))'
INTROSPECTION_CFLAGS='-I/usr/include/gobject-introspection-1.0 -I/usr/include/glib-2.0 -I/usr/lib/x86_64-linux-gnu/glib-2.0/include '
INTROSPECTION_COMPILER='/usr/bin/x86_64-linux-gnu-g-ir-compiler'
INTROSPECTION_GENERATE='/usr/bin/x86_64-linux-gnu-g-ir-generate'
INTROSPECTION_GIRDIR='/usr/local/share/gir-1.0'
INTROSPECTION_LIBS='-lgirepository-1.0 -lgobject-2.0 -lglib-2.0 '
INTROSPECTION_MAKEFILE='/usr/share/gobject-introspection-1.0/Makefile.introspection'
INTROSPECTION_SCANNER='/usr/bin/x86_64-linux-gnu-g-ir-scanner'
INTROSPECTION_TYPELIBDIR='/usr/local/lib/girepository-1.0'
LD='/usr/bin/ld -m elf_x86_64'
LDFLAGS=' -Wl,--as-needed -Wl,-O1'
LIBOBJS=''
LIBS=''
LIBTOOL='$(SHELL) $(top_builddir)/libtool'
LIBWNCK_CFLAGS='-I/usr/include/libwnck-3.0 -I/usr/include/glib-2.0 -I/usr/lib/x86_64-linux-gnu/glib-2.0/include -I/usr/include/gtk-3.0 -I/usr/include/pango-1.0 -I/usr/include/harfbuzz -I/usr/include/freetype2 -I/usr/include/libpng16 -I/usr/include/libmount -I/usr/include/blkid -I/usr/include/fribidi -I/usr/include/cairo -I/usr/include/pixman-1 -I/usr/include/gdk-pixbuf-2.0 -I/usr/include/x86_64-linux-gnu -I/usr/include/webp -I/usr/include/gio-unix-2.0 -I/usr/include/atk-1.0 -I/usr/include/at-spi2-atk/2.0 -I/usr/include/at-spi-2.0 -I/usr/include/dbus-1.0 -I/usr/lib/x86_64-linux-gnu/dbus-1.0/include -pthread -I/usr/include/startup-notification-1.0 '
LIBWNCK_LIBS='-lwnck-3 -lgtk-3 -lgdk-3 -lz -lpangocairo-1.0 -lpango-1.0 -lharfbuzz -latk-1.0 -lcairo-gobject -lcairo -lgdk_pixbuf-2.0 -lgio-2.0 -lgobject-2.0 -lglib-2.0 '
LIBWNCK_REQUIRED_VERSION='3.0'
LIBWNCK_VERSION='43.0'
LIBX11_CFLAGS=''
LIBX11_LDFLAGS=''
LIBX11_LIBS=' -lSM -lICE -lX11'
LIBXFCE4PANEL_VERINFO='4:0:0'
LIBXFCE4PANEL_VERSION='4.18.4'
LIBXFCE4PANEL_VERSION_API='2.0'
LIBXFCE4PANEL_VERSION_MAJOR='4'
LIBXFCE4PANEL_VERSION_MICRO='4'
LIBXFCE4PANEL_VERSION_MINOR='18'
LIBXFCE4UI_CFLAGS='-I/usr/include/xfce4/libxfce4ui-2 -I/usr/include/gtk-3.0 -I/usr/include/pango-1.0 -I/usr/include/glib-2.0 -I/usr/lib/x86_64-linux-gnu/glib-2.0/include -I/usr/include/harfbuzz -I/usr/include/freetype2 -I/usr/include/libpng16 -I/usr/include/libmount -I/usr/include/blkid -I/usr/include/fribidi -I/usr/include/cairo -I/usr/include/pixman-1 -I/usr/include/gdk-pixbuf-2.0 -I/usr/include/x86_64-linux-gnu -I/usr/include/webp -I/usr/include/gio-unix-2.0 -I/usr/include/atk-1.0 -I/usr/include/at-spi2-atk/2.0 -I/usr/include/at-spi-2.0 -I/usr/include/dbus-1.0 -I/usr/lib/x86_64-linux-gnu/dbus-1.0/include -pthread -I/usr/include/xfce4 '
LIBXFCE4UI_LIBS='-lxfce4ui-2 -lgtk-3 -lgdk-3 -lz -lpangocairo-1.0 -lpango-1.0 -lharfbuzz -latk-1.0 -lcairo-gobject -lcairo -lgdk_pixbuf-2.0 -lgio-2.0 -lgobject-2.0 -lxfce4util -lglib-2.0 '
LIBXFCE4UI_REQUIRED_VERSION='4.17.1'
LIBXFCE4UI_VERSION='4.18.4'
LIBXFCE4UTIL_CFLAGS='-I/usr/include/xfce4 -I/usr/include/glib-2.0 -I/usr/lib/x86_64-linux-gnu/glib-2.0/include '
LIBXFCE4UTIL_LIBS='-lxfce4util -lglib-2.0 '
LIBXFCE4UTIL_REQUIRED_VERSION='4.17.2'
LIBXFCE4UTIL_VERSION='4.18.1'
LIPO=''
LN_S='ln -s'
LTLIBOBJS=''
LT_SYS_LIBRARY_PATH=''
MAINT=''
MAINTAINER_MODE_FALSE='#'
MAINTAINER_MODE_TRUE=''
MAKEINFO='${SHELL} '\''/home/juliano/xfce-panel-custom/xfce4-panel/missing'\'' makeinfo'
MANIFEST_TOOL=':'
MKDIR_P='/usr/bin/mkdir -p'
MSGFMT='/usr/bin/msgfmt'
MSGMERGE='/usr/bin/msgmerge'
NM='/usr/bin/nm -B'
NMEDIT=''
OBJDUMP='objdump'
OBJEXT='o'
OTOOL64=''
OTOOL=''
PACKAGE='xfce4-panel'
PACKAGE_BUGREPORT='https://gitlab.xfce.org/xfce/xfce4-panel/-/issues'
PACKAGE_NAME='xfce4-panel'
PACKAGE_STRING='xfce4-panel 4.18.4'
PACKAGE_TARNAME='xfce4-panel'
PACKAGE_URL=''
PACKAGE_VERSION='4.18.4'
PATH_SEPARATOR=':'
PERL='perl'
PKG_CONFIG='/usr/bin/pkg-config'
PKG_CONFIG_LIBDIR=''
PKG_CONFIG_PATH=''
PLATFORM_CFLAGS=''
PLATFORM_CPPFLAGS=''
PLATFORM_LDFLAGS=''
RANLIB='ranlib'
SED='/usr/bin/sed'
SET_MAKE=''
SHELL='/bin/bash'
STRIP='strip'
USE_NLS='yes'
VAPIGEN=''
VAPIGEN_MAKEFILE=''
VAPIGEN_VAPIDIR=''
VERSION='4.18.4'
XFCE4_PANEL_CONFIG_VERSION='2'
XFCONF_CFLAGS='-I/usr/include/xfce4/xfconf-0 -I/usr/include/glib-2.0 -I/usr/lib/x86_64-linux-gnu/glib-2.0/include -pthread -I/usr/include/libmount -I/usr/include/blkid '
XFCONF_LIBS='-lxfconf-0 -lgio-2.0 -lgobject-2.0 -lglib-2.0 '
XFCONF_REQUIRED_VERSION='4.13.2'
XFCONF_VERSION='4.18.1'
XGETTEXT='/usr/bin/xgettext'
XMKMF=''
X_CFLAGS=''
X_EXTRA_LIBS=''
X_LIBS=''
X_PRE_LIBS=' -lSM -lICE'
_GI_EXP_DATADIR='/usr/local/share'
_GI_EXP_LIBDIR='/usr/local/lib'
ac_ct_AR='ar'
ac_ct_CC='gcc'
ac_ct_DUMPBIN=''
am__EXEEXT_FALSE=''
am__EXEEXT_TRUE='#'
am__fastdepCC_FALSE='#'
am__fastdepCC_TRUE=''
am__include='include'
am__isrc=''
am__leading_dot='.'
am__nodep='_no'
am__quote=''
am__tar='tar --format=ustar -chf - "$$tardir"'
am__untar='tar -xf -'
bindir='${exec_prefix}/bin'
build='x86_64-pc-linux-gnu'
build_alias=''
build_cpu='x86_64'
build_os='linux-gnu'
build_vendor='pc'
datadir='${datarootdir}'
datarootdir='${prefix}/share'
docdir='${datarootdir}/doc/${PACKAGE_TARNAME}'
dvidir='${docdir}'
exec_prefix='${prefix}'
host='x86_64-pc-linux-gnu'
host_alias=''
host_cpu='x86_64'
host_os='linux-gnu'
host_vendor='pc'
htmldir='${docdir}'
includedir='${prefix}/include'
infodir='${datarootdir}/info'
install_sh='${SHELL} /home/juliano/xfce-panel-custom/xfce4-panel/install-sh'
intltool__v_merge_options_0='-q'
intltool__v_merge_options_='$(intltool__v_merge_options_$(AM_DEFAULT_VERBOSITY))'
libdir='${exec_prefix}/lib'
libexecdir='${exec_prefix}/libexec'
localedir='${prefix}/share/locale'
localstatedir='${prefix}/var'
mandir='${datarootdir}/man'
mkdir_p='$(MKDIR_P)'
oldincludedir='/usr/include'
pdfdir='${docdir}'
prefix='/usr/local'
program_transform_name='s,x,x,'
psdir='${docdir}'
runstatedir='${localstatedir}/run'
sbindir='${exec_prefix}/sbin'
sharedstatedir='${prefix}/com'
sysconfdir='${prefix}/etc'
target_alias=''

## ----------- ##
## confdefs.h. ##
## ----------- ##

/* confdefs.h */
#define PACKAGE_NAME "xfce4-panel"
#define PACKAGE_TARNAME "xfce4-panel"
#define PACKAGE_VERSION "4.18.4"
#define PACKAGE_STRING "xfce4-panel 4.18.4"
#define PACKAGE_BUGREPORT "https://gitlab.xfce.org/xfce/xfce4-panel/-/issues"
#define PACKAGE_URL ""
#define PACKAGE "xfce4-panel"
#define VERSION "4.18.4"
#define HAVE_STDIO_H 1
#define HAVE_STDLIB_H 1
#define HAVE_STRING_H 1
#define HAVE_INTTYPES_H 1
#define HAVE_STDINT_H 1
#define HAVE_STRINGS_H 1
#define HAVE_SYS_STAT_H 1
#define HAVE_SYS_TYPES_H 1
#define HAVE_UNISTD_H 1
#define HAVE_WCHAR_H 1
#define STDC_HEADERS 1
#define _ALL_SOURCE 1
#define _DARWIN_C_SOURCE 1
#define _GNU_SOURCE 1
#define _HPUX_ALT_XOPEN_SOCKET_API 1
#define _NETBSD_SOURCE 1
#define _OPENBSD_SOURCE 1
#define _POSIX_PTHREAD_SEMANTICS 1
#define __STDC_WANT_IEC_60559_ATTRIBS_EXT__ 1
#define __STDC_WANT_IEC_60559_BFP_EXT__ 1
#define __STDC_WANT_IEC_60559_DFP_EXT__ 1
#define __STDC_WANT_IEC_60559_FUNCS_EXT__ 1
#define __STDC_WANT_IEC_60559_TYPES_EXT__ 1
#define __STDC_WANT_LIB_EXT2__ 1
#define __STDC_WANT_MATH_SPEC_FUNCS__ 1
#define _TANDEM_SOURCE 1
#define __EXTENSIONS__ 1
#define HAVE_DLFCN_H 1
#define LT_OBJDIR ".libs/"
#define LIBXFCE4PANEL_VERSION_API "2.0"
#define XFCE4_PANEL_CONFIG_VERSION 2
#define HAVE_STDLIB_H 1
#define HAVE_UNISTD_H 1
#define HAVE_LOCALE_H 1
#define HAVE_STDIO_H 1
#define HAVE_ERRNO_H 1
#define HAVE_TIME_H 1
#define HAVE_STRING_H 1
#define HAVE_MATH_H 1
#define HAVE_SYS_TYPES_H 1
#define HAVE_SYS_WAIT_H 1
#define HAVE_MEMORY_H 1
#define HAVE_SIGNAL_H 1
#define HAVE_SYS_PRCTL_H 1
#define HAVE_LIBINTL_H 1
#define HAVE_BIND_TEXTDOMAIN_CODESET 1
#define GETTEXT_PACKAGE "xfce4-panel"
#define HAVE_LIBX11 1
#define GLIB_VERSION_MAX_ALLOWED GLIB_VERSION_2_66
#define GLIB_VERSION_MIN_REQUIRED GLIB_VERSION_2_66
#define G_LOG_USE_STRUCTURED 1
#define G_LOG_USE_STRUCTURED 1
#define GLIB_VERSION_MAX_ALLOWED GLIB_VERSION_2_66
#define GLIB_VERSION_MIN_REQUIRED GLIB_VERSION_2_66
#define HAVE_DBUSMENU 1
#define HAVE_GIO_UNIX 1

configure: exit 0
